[    6729ms] [WARNING] It is recommended that a robustness level be specified. Not specifying the robustness level could result in unexpected behavior. @ blob:https://www.primevideo.com/723d8b98-28cb-4b6c-a136-9c9655920728:1
[    6739ms] [WARNING] It is recommended that a robustness level be specified. Not specifying the robustness level could result in unexpected behavior. @ blob:https://www.primevideo.com/723d8b98-28cb-4b6c-a136-9c9655920728:1
[    6739ms] [WARNING] It is recommended that a robustness level be specified. Not specifying the robustness level could result in unexpected behavior. @ blob:https://www.primevideo.com/723d8b98-28cb-4b6c-a136-9c9655920728:1
[    6744ms] [WARNING] com.microsoft.playready.recommendation: Internal testing is highly recommended prior to enabling PlayReady playback on Windows. Failure to do so may cause application instability or playback errors.

Before generating a request, setServerCertificate() must be called with a valid server certificate. Otherwise, generateRequest() could fail. @ blob:https://www.primevideo.com/723d8b98-28cb-4b6c-a136-9c9655920728:1
[    6744ms] [WARNING] com.microsoft.playready.recommendation: Internal testing is highly recommended prior to enabling PlayReady playback on Windows. Failure to do so may cause application instability or playback errors.

Before generating a request, setServerCertificate() must be called with a valid server certificate. Otherwise, generateRequest() could fail. @ blob:https://www.primevideo.com/723d8b98-28cb-4b6c-a136-9c9655920728:1
[    6744ms] [WARNING] It is recommended that a robustness level be specified. Not specifying the robustness level could result in unexpected behavior. @ blob:https://www.primevideo.com/723d8b98-28cb-4b6c-a136-9c9655920728:1
[    6745ms] [WARNING] com.microsoft.playready.recommendation: Internal testing is highly recommended prior to enabling PlayReady playback on Windows. Failure to do so may cause application instability or playback errors.

Before generating a request, setServerCertificate() must be called with a valid server certificate. Otherwise, generateRequest() could fail. @ blob:https://www.primevideo.com/723d8b98-28cb-4b6c-a136-9c9655920728:1
[    6745ms] [WARNING] com.microsoft.playready.recommendation: Internal testing is highly recommended prior to enabling PlayReady playback on Windows. Failure to do so may cause application instability or playback errors.

Before generating a request, setServerCertificate() must be called with a valid server certificate. Otherwise, generateRequest() could fail. @ blob:https://www.primevideo.com/723d8b98-28cb-4b6c-a136-9c9655920728:1
[    6745ms] [WARNING] It is recommended that a robustness level be specified. Not specifying the robustness level could result in unexpected behavior. @ blob:https://www.primevideo.com/723d8b98-28cb-4b6c-a136-9c9655920728:1
[    6745ms] [WARNING] com.microsoft.playready.recommendation: Internal testing is highly recommended prior to enabling PlayReady playback on Windows. Failure to do so may cause application instability or playback errors.

Before generating a request, setServerCertificate() must be called with a valid server certificate. Otherwise, generateRequest() could fail. @ blob:https://www.primevideo.com/723d8b98-28cb-4b6c-a136-9c9655920728:1
[    6746ms] [WARNING] com.microsoft.playready.recommendation: Internal testing is highly recommended prior to enabling PlayReady playback on Windows. Failure to do so may cause application instability or playback errors.

Before generating a request, setServerCertificate() must be called with a valid server certificate. Otherwise, generateRequest() could fail. @ blob:https://www.primevideo.com/723d8b98-28cb-4b6c-a136-9c9655920728:1
[    6746ms] [WARNING] It is recommended that a robustness level be specified. Not specifying the robustness level could result in unexpected behavior. @ blob:https://www.primevideo.com/723d8b98-28cb-4b6c-a136-9c9655920728:1
[    6746ms] [WARNING] com.microsoft.playready.recommendation: Internal testing is highly recommended prior to enabling PlayReady playback on Windows. Failure to do so may cause application instability or playback errors.

Before generating a request, setServerCertificate() must be called with a valid server certificate. Otherwise, generateRequest() could fail. @ blob:https://www.primevideo.com/723d8b98-28cb-4b6c-a136-9c9655920728:1
[    6746ms] [WARNING] com.microsoft.playready.recommendation: Internal testing is highly recommended prior to enabling PlayReady playback on Windows. Failure to do so may cause application instability or playback errors.

Before generating a request, setServerCertificate() must be called with a valid server certificate. Otherwise, generateRequest() could fail. @ blob:https://www.primevideo.com/723d8b98-28cb-4b6c-a136-9c9655920728:1
[    6746ms] [WARNING] It is recommended that a robustness level be specified. Not specifying the robustness level could result in unexpected behavior. @ blob:https://www.primevideo.com/723d8b98-28cb-4b6c-a136-9c9655920728:1
[    6844ms] [WARNING] It is recommended that a robustness level be specified. Not specifying the robustness level could result in unexpected behavior. @ blob:https://www.primevideo.com/723d8b98-28cb-4b6c-a136-9c9655920728:1
[    6845ms] [WARNING] It is recommended that a robustness level be specified. Not specifying the robustness level could result in unexpected behavior. @ blob:https://www.primevideo.com/723d8b98-28cb-4b6c-a136-9c9655920728:1
[    6845ms] [WARNING] It is recommended that a robustness level be specified. Not specifying the robustness level could result in unexpected behavior. @ blob:https://www.primevideo.com/723d8b98-28cb-4b6c-a136-9c9655920728:1
[    6879ms] [ERROR] Error logged with the Track&Report JS errors API(http://tiny/1covqr6l8/wamazindeClieUserJava): {"m":"Player Emitted Errors [PlayClickTrace] {\"logID\":{\"domain\":\"WebPlayerSDK\",\"id\":\"PlayerProxyEmittedError\"},\"playClickId\":\"\",\"playerId\":\"PlayerProxy-a8dffe5f-95c0-4931-977d-c8e4bb975d69\",\"hasStartedPlaying\":\"no\"}: There was an error playing your video. Please try again. If the problem continues, contact customer service.","name":"xp.unknown","csm":"v5 ueLogError stack","logLevel":"WARN","attribution":"ATVDetail:Movie","pageURL":"https://www.primevideo.com/detail/0MHJKMV2RXL3FTMMHS967K3T4W/ref=atv_plr_landingpage_play","f":"blob:https://www.primevideo.com/723d8b98-28cb-4b6c-a136-9c9655920728","l":"2","s":["xp.unknown","at new t (blob:https://www.primevideo.com/723d8b98-28cb-4b6c-a136-9c9655920728:2:553823)","at e.xpToWebError (blob:https://www.primevideo.com/723d8b98-28cb-4b6c-a136-9c9655920728:2:557706)","at onXpContentError (blob:https://www.primevideo.com/723d8b98-28cb-4b6c-a136-9c9655920728:2:6634272)","at e.emitSync (blob:https://www.primevideo.com/723d8b98-28cb-4b6c-a136-9c9655920728:2:335254)","at Object.<anonymous> (blob:https://www.primevideo.com/723d8b98-28cb-4b6c-a136-9c9655920728:2:335605)","at onNextMicrotask (blob:https://www.primevideo.com/723d8b98-28cb-4b6c-a136-9c9655920728:2:39467)"],"t":4079} {m: Player Emitted Errors [PlayClickTrace] {"logID":{"… the problem continues, contact customer service., name: xp.unknown, type: undefined, csm: v5 ueLogError stack, logLevel: WARN} @ https://images-na.ssl-images-amazon.com/images/I/215h87l68bL.js:3
[    6889ms] UnknownError: An unknown error occurred during content loading
    at e.newError (blob:https://www.primevideo.com/723d8b98-28cb-4b6c-a136-9c9655920728:2:554141)
    at Object.onStateChange (blob:https://www.primevideo.com/723d8b98-28cb-4b6c-a136-9c9655920728:2:6648324)
    at e.onStateChange (blob:https://www.primevideo.com/723d8b98-28cb-4b6c-a136-9c9655920728:2:6647603)
    at onXpContentStateChange (blob:https://www.primevideo.com/723d8b98-28cb-4b6c-a136-9c9655920728:2:6633710)
    at e.emitSync (blob:https://www.primevideo.com/723d8b98-28cb-4b6c-a136-9c9655920728:2:335254)
    at Object.<anonymous> (blob:https://www.primevideo.com/723d8b98-28cb-4b6c-a136-9c9655920728:2:335605)
    at onNextMicrotask (blob:https://www.primevideo.com/723d8b98-28cb-4b6c-a136-9c9655920728:2:39467)
[    7629ms] [INFO] Slow network is detected. See https://www.chromestatus.com/feature/5636954674692096 for more details. Fallback font will be used while loading: https://cloudfront.xp-assets.aiv-cdn.net/family/web/ATVWebPlayerSDK-1.0/wave2/fonts/AmazonEmber_Rg.woff @ blob:https://www.primevideo.com/723d8b98-28cb-4b6c-a136-9c9655920728:1
[    7630ms] [INFO] Slow network is detected. See https://www.chromestatus.com/feature/5636954674692096 for more details. Fallback font will be used while loading: https://cloudfront.xp-assets.aiv-cdn.net/family/web/ATVWebPlayerSDK-1.0/wave2/fonts/AmazonEmber_Lt.woff @ blob:https://www.primevideo.com/723d8b98-28cb-4b6c-a136-9c9655920728:1
[    7660ms] [WARNING] It is recommended that a robustness level be specified. Not specifying the robustness level could result in unexpected behavior. @ blob:https://www.primevideo.com/723d8b98-28cb-4b6c-a136-9c9655920728:1
[    7661ms] [WARNING] It is recommended that a robustness level be specified. Not specifying the robustness level could result in unexpected behavior. @ blob:https://www.primevideo.com/723d8b98-28cb-4b6c-a136-9c9655920728:1
[    7661ms] [WARNING] It is recommended that a robustness level be specified. Not specifying the robustness level could result in unexpected behavior. @ blob:https://www.primevideo.com/723d8b98-28cb-4b6c-a136-9c9655920728:1
[    7668ms] [ERROR] Error logged with the Track&Report JS errors API(http://tiny/1covqr6l8/wamazindeClieUserJava): {"m":"Player Emitted Errors [PlayClickTrace] {\"logID\":{\"domain\":\"WebPlayerSDK\",\"id\":\"PlayerProxyEmittedError\"},\"playClickId\":\"PlayClickTrace-c498731b-4ebf-40c2-8b52-c17c670ccdad\",\"playerId\":\"PlayerProxy-a8dffe5f-95c0-4931-977d-c8e4bb975d69\",\"hasStartedPlaying\":\"no\"}: There was an error playing your video. Please try again. If the problem continues, contact customer service.","name":"xp.unknown","csm":"v5 ueLogError stack","logLevel":"WARN","attribution":"ATVDetail:Movie","pageURL":"https://www.primevideo.com/detail/0MHJKMV2RXL3FTMMHS967K3T4W/ref=atv_plr_landingpage_play","f":"blob:https://www.primevideo.com/723d8b98-28cb-4b6c-a136-9c9655920728","l":"2","s":["xp.unknown","at new t (blob:https://www.primevideo.com/723d8b98-28cb-4b6c-a136-9c9655920728:2:553823)","at e.xpToWebError (blob:https://www.primevideo.com/723d8b98-28cb-4b6c-a136-9c9655920728:2:557706)","at onXpContentError (blob:https://www.primevideo.com/723d8b98-28cb-4b6c-a136-9c9655920728:2:6634272)","at e.emitSync (blob:https://www.primevideo.com/723d8b98-28cb-4b6c-a136-9c9655920728:2:335254)","at Object.<anonymous> (blob:https://www.primevideo.com/723d8b98-28cb-4b6c-a136-9c9655920728:2:335605)","at onNextMicrotask (blob:https://www.primevideo.com/723d8b98-28cb-4b6c-a136-9c9655920728:2:39467)"],"t":4870} {m: Player Emitted Errors [PlayClickTrace] {"logID":{"… the problem continues, contact customer service., name: xp.unknown, type: undefined, csm: v5 ueLogError stack, logLevel: WARN} @ https://images-na.ssl-images-amazon.com/images/I/215h87l68bL.js:3
[    7684ms] UnknownError: An unknown error occurred during content loading
    at e.newError (blob:https://www.primevideo.com/723d8b98-28cb-4b6c-a136-9c9655920728:2:554141)
    at Object.onStateChange (blob:https://www.primevideo.com/723d8b98-28cb-4b6c-a136-9c9655920728:2:6648324)
    at e.onStateChange (blob:https://www.primevideo.com/723d8b98-28cb-4b6c-a136-9c9655920728:2:6647603)
    at onXpContentStateChange (blob:https://www.primevideo.com/723d8b98-28cb-4b6c-a136-9c9655920728:2:6633710)
    at e.emitSync (blob:https://www.primevideo.com/723d8b98-28cb-4b6c-a136-9c9655920728:2:335254)
    at Object.<anonymous> (blob:https://www.primevideo.com/723d8b98-28cb-4b6c-a136-9c9655920728:2:335605)
    at onNextMicrotask (blob:https://www.primevideo.com/723d8b98-28cb-4b6c-a136-9c9655920728:2:39467)
