[     155ms] [LOG] [Fast Refresh] rebuilding @ http://localhost:3000/_next/static/chunks/03j__next_dist_01qnk27._.js:2431
[     979ms] [LOG] [Fast Refresh] done in 931ms @ http://localhost:3000/_next/static/chunks/03j__next_dist_01qnk27._.js:2431
[    1215ms] [INFO] %cDownload the React DevTools for a better development experience: https://react.dev/link/react-devtools font-weight:bold @ http://localhost:3000/_next/static/chunks/03j__next_dist_01qnk27._.js:2431
[    1306ms] [LOG] [HMR] connected @ http://localhost:3000/_next/static/chunks/03j__next_dist_01qnk27._.js:2431
[    1501ms] [LOG] [Fast Refresh] rebuilding @ http://localhost:3000/_next/static/chunks/03j__next_dist_01qnk27._.js:2431
[    1598ms] [LOG] [Fast Refresh] done in 199ms @ http://localhost:3000/_next/static/chunks/03j__next_dist_01qnk27._.js:2431
[    6601ms] [ERROR] Failed to load resource: the server responded with a status of 404 (Not Found) @ http://localhost:3000/api/stream?tmdb=1368337&type=movie&season=1&episode=1:0
[    6614ms] [ERROR] Provider failures: autoembed 404, The operation was aborted due to timeout, fetch failed, vidsrc.to: no m3u8 found, fetch failed, multiembed 403 @ http://localhost:3000/_next/static/chunks/03j__next_dist_01qnk27._.js:3272
[    6616ms] [ERROR] Stream load failed: Error: No stream available for this title
    at loadStream (http://localhost:3000/_next/static/chunks/Downloads_prime%20clone_src_0rf5r5w._.js:2335:31) @ http://localhost:3000/_next/static/chunks/03j__next_dist_01qnk27._.js:3272
[  220529ms] [LOG] [Fast Refresh] rebuilding @ http://localhost:3000/_next/static/chunks/03j__next_dist_01qnk27._.js:2431
[  220965ms] [LOG] [Fast Refresh] done in 551ms @ http://localhost:3000/_next/static/chunks/03j__next_dist_01qnk27._.js:2431
[  236829ms] [LOG] [Fast Refresh] rebuilding @ http://localhost:3000/_next/static/chunks/03j__next_dist_01qnk27._.js:2431
[  238760ms] [LOG] [Fast Refresh] done in 2028ms @ http://localhost:3000/_next/static/chunks/03j__next_dist_01qnk27._.js:2431
[  238876ms] [LOG] [Fast Refresh] rebuilding @ http://localhost:3000/_next/static/chunks/03j__next_dist_01qnk27._.js:2431
[  239519ms] [LOG] [Fast Refresh] done in 756ms @ http://localhost:3000/_next/static/chunks/03j__next_dist_01qnk27._.js:2431
[  239686ms] [LOG] [Fast Refresh] rebuilding @ http://localhost:3000/_next/static/chunks/03j__next_dist_01qnk27._.js:2431
[  239750ms] [LOG] [Fast Refresh] done in 170ms @ http://localhost:3000/_next/static/chunks/03j__next_dist_01qnk27._.js:2431
[  240636ms] [LOG] [Fast Refresh] rebuilding @ http://localhost:3000/_next/static/chunks/03j__next_dist_01qnk27._.js:2431
[  240650ms] [LOG] [Fast Refresh] done in 119ms @ http://localhost:3000/_next/static/chunks/03j__next_dist_01qnk27._.js:2431
[  257543ms] [LOG] [Fast Refresh] rebuilding @ http://localhost:3000/_next/static/chunks/03j__next_dist_01qnk27._.js:2431
[  257701ms] [LOG] [Fast Refresh] done in 262ms @ http://localhost:3000/_next/static/chunks/03j__next_dist_01qnk27._.js:2431
