[     502ms] [INFO] %cDownload the React DevTools for a better development experience: https://react.dev/link/react-devtools font-weight:bold @ http://localhost:3000/_next/static/chunks/03j__next_dist_01qnk27._.js:2431
[     669ms] [LOG] [HMR] connected @ http://localhost:3000/_next/static/chunks/03j__next_dist_01qnk27._.js:2431
[     842ms] TypeError: Cannot read properties of undefined (reading 'tmpdir')
    at module evaluation (http://localhost:3000/_next/static/chunks/03j__webtorrent_0o74gtp._.js:1354:243)
    at http://localhost:3000/_next/static/chunks/turbopack-Downloads_prime%20clone_0l.g3b.._.js:1307:27
    at runModuleExecutionHooks (http://localhost:3000/_next/static/chunks/turbopack-Downloads_prime%20clone_0l.g3b.._.js:1636:13)
    at instantiateModuleShared (http://localhost:3000/_next/static/chunks/turbopack-Downloads_prime%20clone_0l.g3b.._.js:1305:9)
    at instantiateModule (http://localhost:3000/_next/static/chunks/turbopack-Downloads_prime%20clone_0l.g3b.._.js:1621:12)
    at getOrInstantiateModuleFromParent (http://localhost:3000/_next/static/chunks/turbopack-Downloads_prime%20clone_0l.g3b.._.js:1604:12)
    at DevContext.esmImport [as i] (http://localhost:3000/_next/static/chunks/turbopack-Downloads_prime%20clone_0l.g3b.._.js:278:20)
    at module evaluation (http://localhost:3000/_next/static/chunks/03j__webtorrent_0o74gtp._.js:3491:202)
    at http://localhost:3000/_next/static/chunks/turbopack-Downloads_prime%20clone_0l.g3b.._.js:1307:27
    at runModuleExecutionHooks (http://localhost:3000/_next/static/chunks/turbopack-Downloads_prime%20clone_0l.g3b.._.js:1636:13)
    at instantiateModuleShared (http://localhost:3000/_next/static/chunks/turbopack-Downloads_prime%20clone_0l.g3b.._.js:1305:9)
    at instantiateModule (http://localhost:3000/_next/static/chunks/turbopack-Downloads_prime%20clone_0l.g3b.._.js:1621:12)
    at getOrInstantiateModuleFromParent (http://localhost:3000/_next/static/chunks/turbopack-Downloads_prime%20clone_0l.g3b.._.js:1604:12)
    at DevContext.esmImport [as i] (http://localhost:3000/_next/static/chunks/turbopack-Downloads_prime%20clone_0l.g3b.._.js:278:20)
    at module evaluation (http://localhost:3000/_next/static/chunks/Downloads_prime%20clone_src_0rf5r5w._.js:2250:193)
    at http://localhost:3000/_next/static/chunks/turbopack-Downloads_prime%20clone_0l.g3b.._.js:1307:27
    at runModuleExecutionHooks (http://localhost:3000/_next/static/chunks/turbopack-Downloads_prime%20clone_0l.g3b.._.js:1636:13)
    at instantiateModuleShared (http://localhost:3000/_next/static/chunks/turbopack-Downloads_prime%20clone_0l.g3b.._.js:1305:9)
    at instantiateModule (http://localhost:3000/_next/static/chunks/turbopack-Downloads_prime%20clone_0l.g3b.._.js:1621:12)
    at getOrInstantiateModuleFromParent (http://localhost:3000/_next/static/chunks/turbopack-Downloads_prime%20clone_0l.g3b.._.js:1604:12)
    at DevContext.commonJsRequire [as r] (http://localhost:3000/_next/static/chunks/turbopack-Downloads_prime%20clone_0l.g3b.._.js:299:12)
    at requireAsyncModule (http://localhost:3000/_next/static/chunks/03j__next_dist_compiled_react-server-dom-turbopack_10rlb_x._.js:68:78)
    at http://localhost:3000/_next/static/chunks/03j__next_dist_compiled_react-server-dom-turbopack_10rlb_x._.js:91:20
[   16561ms] [LOG] [Fast Refresh] rebuilding @ http://localhost:3000/_next/static/chunks/03j__next_dist_01qnk27._.js:2431
[   17474ms] [WARNING] [Fast Refresh] performing full reload

Fast Refresh will perform a full reload when you edit a file that's imported by modules outside of the React rendering tree.
You might have a file which exports a React component but also exports a value that is imported by a non-React component file.
Consider migrating the non-React component export to a separate file and importing it into both files.

It is also possible the parent component of the component you edited is a class component, which disables Fast Refresh.
Fast Refresh requires at least one parent function component in your React tree. @ http://localhost:3000/_next/static/chunks/03j__next_dist_01qnk27._.js:2431
[   17482ms] [WARNING] [Fast Refresh] performing full reload because your application had an unrecoverable error @ http://localhost:3000/_next/static/chunks/03j__next_dist_01qnk27._.js:2431
[   17482ms] [LOG] [Fast Refresh] done in 1023ms @ http://localhost:3000/_next/static/chunks/03j__next_dist_01qnk27._.js:2431
[   17618ms] [LOG] [Fast Refresh] rebuilding @ http://localhost:3000/_next/static/chunks/03j__next_dist_01qnk27._.js:2431
[   18317ms] [LOG] [Fast Refresh] done in 802ms @ http://localhost:3000/_next/static/chunks/03j__next_dist_01qnk27._.js:2431
[   18492ms] [LOG] [Fast Refresh] rebuilding @ http://localhost:3000/_next/static/chunks/03j__next_dist_01qnk27._.js:2431
[   18818ms] [LOG] [Fast Refresh] done in 443ms @ http://localhost:3000/_next/static/chunks/03j__next_dist_01qnk27._.js:2431
[   19257ms] [INFO] %cDownload the React DevTools for a better development experience: https://react.dev/link/react-devtools font-weight:bold @ http://localhost:3000/_next/static/chunks/03j__next_dist_01qnk27._.js:2431
[   19309ms] [LOG] [HMR] connected @ http://localhost:3000/_next/static/chunks/03j__next_dist_01qnk27._.js:2431
[   19893ms] [LOG] [Fast Refresh] rebuilding @ http://localhost:3000/_next/static/chunks/03j__next_dist_01qnk27._.js:2431
[   20002ms] [LOG] [Fast Refresh] done in 224ms @ http://localhost:3000/_next/static/chunks/03j__next_dist_01qnk27._.js:2431
[   21801ms] [ERROR] Stream load failed: ReferenceError: WebTorrent is not defined
    at loadStream (http://localhost:3000/_next/static/chunks/Downloads_prime%20clone_src_0rf5r5w._.js:2344:53) @ http://localhost:3000/_next/static/chunks/03j__next_dist_01qnk27._.js:3272
[   27396ms] [LOG] [Fast Refresh] rebuilding @ http://localhost:3000/_next/static/chunks/03j__next_dist_01qnk27._.js:2431
[   27492ms] [LOG] [Fast Refresh] done in 276ms @ http://localhost:3000/_next/static/chunks/03j__next_dist_01qnk27._.js:2431
[   33434ms] [LOG] [Fast Refresh] rebuilding @ http://localhost:3000/_next/static/chunks/03j__next_dist_01qnk27._.js:2431
[   33514ms] [LOG] [Fast Refresh] done in 153ms @ http://localhost:3000/_next/static/chunks/03j__next_dist_01qnk27._.js:2431
[   37358ms] [ERROR] Stream load failed: ReferenceError: clientRef is not defined
    at loadStream (http://localhost:3000/_next/static/chunks/Downloads_prime%20clone_src_0rf5r5w._.js?id=%255Bproject%255D%252FDownloads%252Fprime+clone%252Fsrc%252Fcomponents%252FVideoPlayer.tsx+%255Bapp-client%255D+%2528ecmascript%2529:105:25) @ http://localhost:3000/_next/static/chunks/03j__next_dist_01qnk27._.js:3272
[   45148ms] [LOG] [Fast Refresh] rebuilding @ http://localhost:3000/_next/static/chunks/03j__next_dist_01qnk27._.js:2431
[   45182ms] [LOG] [Fast Refresh] done in 92ms @ http://localhost:3000/_next/static/chunks/03j__next_dist_01qnk27._.js:2431
[   52994ms] [LOG] [Fast Refresh] rebuilding @ http://localhost:3000/_next/static/chunks/03j__next_dist_01qnk27._.js:2431
[   53060ms] [LOG] [Fast Refresh] done in 162ms @ http://localhost:3000/_next/static/chunks/03j__next_dist_01qnk27._.js:2431
[   66254ms] [LOG] [Fast Refresh] rebuilding @ http://localhost:3000/_next/static/chunks/03j__next_dist_01qnk27._.js:2431
[   67358ms] [LOG] [Fast Refresh] done in 1232ms @ http://localhost:3000/_next/static/chunks/03j__next_dist_01qnk27._.js:2431
[   68128ms] [LOG] [Fast Refresh] rebuilding @ http://localhost:3000/_next/static/chunks/03j__next_dist_01qnk27._.js:2431
[   68161ms] [LOG] [Fast Refresh] done in 802ms @ http://localhost:3000/_next/static/chunks/03j__next_dist_01qnk27._.js:2431
[   69020ms] [LOG] [Fast Refresh] rebuilding @ http://localhost:3000/_next/static/chunks/03j__next_dist_01qnk27._.js:2431
[   69112ms] [LOG] [Fast Refresh] done in 734ms @ http://localhost:3000/_next/static/chunks/03j__next_dist_01qnk27._.js:2431
[   69561ms] [LOG] [Fast Refresh] rebuilding @ http://localhost:3000/_next/static/chunks/03j__next_dist_01qnk27._.js:2431
[   69790ms] [LOG] [Fast Refresh] done in 403ms @ http://localhost:3000/_next/static/chunks/03j__next_dist_01qnk27._.js:2431
[   70090ms] [LOG] [Fast Refresh] rebuilding @ http://localhost:3000/_next/static/chunks/03j__next_dist_01qnk27._.js:2431
[   70175ms] [LOG] [Fast Refresh] done in 187ms @ http://localhost:3000/_next/static/chunks/03j__next_dist_01qnk27._.js:2431
[   70441ms] [LOG] [Fast Refresh] rebuilding @ http://localhost:3000/_next/static/chunks/03j__next_dist_01qnk27._.js:2431
[   70520ms] [LOG] [Fast Refresh] done in 183ms @ http://localhost:3000/_next/static/chunks/03j__next_dist_01qnk27._.js:2431
[   70835ms] [LOG] [Fast Refresh] rebuilding @ http://localhost:3000/_next/static/chunks/03j__next_dist_01qnk27._.js:2431
[   71038ms] [LOG] [Fast Refresh] done in 316ms @ http://localhost:3000/_next/static/chunks/03j__next_dist_01qnk27._.js:2431
[   71320ms] [LOG] [Fast Refresh] rebuilding @ http://localhost:3000/_next/static/chunks/03j__next_dist_01qnk27._.js:2431
[   71342ms] [LOG] [Fast Refresh] done in 122ms @ http://localhost:3000/_next/static/chunks/03j__next_dist_01qnk27._.js:2431
[   71618ms] [LOG] [Fast Refresh] rebuilding @ http://localhost:3000/_next/static/chunks/03j__next_dist_01qnk27._.js:2431
[   71672ms] [LOG] [Fast Refresh] done in 164ms @ http://localhost:3000/_next/static/chunks/03j__next_dist_01qnk27._.js:2431
[   71804ms] [LOG] [Fast Refresh] rebuilding @ http://localhost:3000/_next/static/chunks/03j__next_dist_01qnk27._.js:2431
[   71959ms] [LOG] [Fast Refresh] done in 265ms @ http://localhost:3000/_next/static/chunks/03j__next_dist_01qnk27._.js:2431
[   72069ms] [LOG] [Fast Refresh] rebuilding @ http://localhost:3000/_next/static/chunks/03j__next_dist_01qnk27._.js:2431
