[    4989ms] [INFO] %cDownload the React DevTools for a better development experience: https://react.dev/link/react-devtools font-weight:bold @ http://localhost:3000/_next/static/chunks/03j__next_dist_01qnk27._.js:2431
[    5232ms] [LOG] [HMR] connected @ http://localhost:3000/_next/static/chunks/03j__next_dist_01qnk27._.js:2431
[    5737ms] [LOG] [Fast Refresh] rebuilding @ http://localhost:3000/_next/static/chunks/03j__next_dist_01qnk27._.js:2431
[    5813ms] [LOG] [Fast Refresh] done in 182ms @ http://localhost:3000/_next/static/chunks/03j__next_dist_01qnk27._.js:2431
[    6186ms] [LOG] [Fast Refresh] rebuilding @ http://localhost:3000/_next/static/chunks/03j__next_dist_01qnk27._.js:2431
[    6243ms] [LOG] [Fast Refresh] done in 159ms @ http://localhost:3000/_next/static/chunks/03j__next_dist_01qnk27._.js:2431
[   14397ms] [LOG] [Fast Refresh] rebuilding @ http://localhost:3000/_next/static/chunks/03j__next_dist_01qnk27._.js:2431
[   14633ms] [LOG] [Fast Refresh] done in 342ms @ http://localhost:3000/_next/static/chunks/03j__next_dist_01qnk27._.js:2431
[   54392ms] [LOG] [Fast Refresh] rebuilding @ http://localhost:3000/_next/static/chunks/03j__next_dist_01qnk27._.js:2431
[   54547ms] [LOG] [Fast Refresh] done in 260ms @ http://localhost:3000/_next/static/chunks/03j__next_dist_01qnk27._.js:2431
[   61344ms] [LOG] [Fast Refresh] rebuilding @ http://localhost:3000/_next/static/chunks/03j__next_dist_01qnk27._.js:2431
[   61515ms] [LOG] [Fast Refresh] done in 276ms @ http://localhost:3000/_next/static/chunks/03j__next_dist_01qnk27._.js:2431
[   95677ms] [LOG] [Fast Refresh] rebuilding @ http://localhost:3000/_next/static/chunks/03j__next_dist_01qnk27._.js:2431
[   96170ms] [LOG] [Fast Refresh] done in 619ms @ http://localhost:3000/_next/static/chunks/03j__next_dist_01qnk27._.js:2431
[   97192ms] [LOG] [Fast Refresh] rebuilding @ http://localhost:3000/_next/static/chunks/03j__next_dist_01qnk27._.js:2431
[  100026ms] [LOG] [Fast Refresh] done in 2939ms @ http://localhost:3000/_next/static/chunks/03j__next_dist_01qnk27._.js:2431
[  298184ms] [LOG] [Fast Refresh] rebuilding @ http://localhost:3000/_next/static/chunks/03j__next_dist_01qnk27._.js:2431
[  298543ms] [LOG] [Fast Refresh] done in 472ms @ http://localhost:3000/_next/static/chunks/03j__next_dist_01qnk27._.js:2431
[  307823ms] [LOG] [Fast Refresh] rebuilding @ http://localhost:3000/_next/static/chunks/03j__next_dist_01qnk27._.js:2431
[  307824ms] [LOG] [Fast Refresh] done in 111ms @ http://localhost:3000/_next/static/chunks/03j__next_dist_01qnk27._.js:2431
[  318205ms] [LOG] [Fast Refresh] rebuilding @ http://localhost:3000/_next/static/chunks/03j__next_dist_01qnk27._.js:2431
[  318206ms] [LOG] [Fast Refresh] done in 107ms @ http://localhost:3000/_next/static/chunks/03j__next_dist_01qnk27._.js:2431
[  335574ms] [LOG] [Fast Refresh] rebuilding @ http://localhost:3000/_next/static/chunks/03j__next_dist_01qnk27._.js:2431
[  336065ms] [LOG] [Fast Refresh] done in 510ms @ http://localhost:3000/_next/static/chunks/03j__next_dist_01qnk27._.js:2431
[  341848ms] [LOG] [Fast Refresh] rebuilding @ http://localhost:3000/_next/static/chunks/03j__next_dist_01qnk27._.js:2431
[  342043ms] ReferenceError: isFallback is not defined
    at VideoPlayer (http://localhost:3000/_next/static/chunks/Downloads_prime%20clone_src_0rf5r5w._.js?id=%255Bproject%255D%252FDownloads%252Fprime+clone%252Fsrc%252Fcomponents%252FVideoPlayer.tsx+%255Bapp-client%255D+%2528ecmascript%2529:294:21)
    at Object.react_stack_bottom_frame (http://localhost:3000/_next/static/chunks/03j__next_dist_compiled_react-dom_0gnk4t3._.js:15037:24)
    at renderWithHooks (http://localhost:3000/_next/static/chunks/03j__next_dist_compiled_react-dom_0gnk4t3._.js:4620:24)
    at updateFunctionComponent (http://localhost:3000/_next/static/chunks/03j__next_dist_compiled_react-dom_0gnk4t3._.js:6081:21)
    at beginWork (http://localhost:3000/_next/static/chunks/03j__next_dist_compiled_react-dom_0gnk4t3._.js:6691:24)
    at runWithFiberInDEV (http://localhost:3000/_next/static/chunks/03j__next_dist_compiled_react-dom_0gnk4t3._.js:965:74)
    at performUnitOfWork (http://localhost:3000/_next/static/chunks/03j__next_dist_compiled_react-dom_0gnk4t3._.js:9555:97)
    at workLoopSync (http://localhost:3000/_next/static/chunks/03j__next_dist_compiled_react-dom_0gnk4t3._.js:9449:40)
    at renderRootSync (http://localhost:3000/_next/static/chunks/03j__next_dist_compiled_react-dom_0gnk4t3._.js:9433:13)
    at performWorkOnRoot (http://localhost:3000/_next/static/chunks/03j__next_dist_compiled_react-dom_0gnk4t3._.js:9098:47)
    at performSyncWorkOnRoot (http://localhost:3000/_next/static/chunks/03j__next_dist_compiled_react-dom_0gnk4t3._.js:10263:9)
    at flushSyncWorkAcrossRoots_impl (http://localhost:3000/_next/static/chunks/03j__next_dist_compiled_react-dom_0gnk4t3._.js:10179:316)
    at flushSyncWork$1 (http://localhost:3000/_next/static/chunks/03j__next_dist_compiled_react-dom_0gnk4t3._.js:9230:86)
    at Object.scheduleRefresh (http://localhost:3000/_next/static/chunks/03j__next_dist_compiled_react-dom_0gnk4t3._.js:299:13)
    at http://localhost:3000/_next/static/chunks/03j__next_dist_compiled_0t2md8n._.js:391:33
    at Set.forEach (<anonymous>)
    at Object.performReactRefresh (http://localhost:3000/_next/static/chunks/03j__next_dist_compiled_0t2md8n._.js:384:38)
    at applyUpdate (http://localhost:3000/_next/static/chunks/03j__next_dist_compiled_0t2md8n._.js:878:31)
    at http://localhost:3000/_next/static/chunks/03j__next_dist_compiled_0t2md8n._.js:886:13
[  342320ms] [LOG] [Fast Refresh] done in 115ms @ http://localhost:3000/_next/static/chunks/03j__next_dist_01qnk27._.js:2431
[  353425ms] [LOG] [Fast Refresh] rebuilding @ http://localhost:3000/_next/static/chunks/03j__next_dist_01qnk27._.js:2431
[  353431ms] [WARNING] [Fast Refresh] performing full reload because your application had an unrecoverable error @ http://localhost:3000/_next/static/chunks/03j__next_dist_01qnk27._.js:2431
[  353503ms] [LOG] [Fast Refresh] done in 53ms @ http://localhost:3000/_next/static/chunks/03j__next_dist_01qnk27._.js:2431
[  353789ms] [LOG] [Fast Refresh] rebuilding @ http://localhost:3000/_next/static/chunks/03j__next_dist_01qnk27._.js:2431
[  354401ms] [LOG] [Fast Refresh] done in 713ms @ http://localhost:3000/_next/static/chunks/03j__next_dist_01qnk27._.js:2431
[  355063ms] [INFO] %cDownload the React DevTools for a better development experience: https://react.dev/link/react-devtools font-weight:bold @ http://localhost:3000/_next/static/chunks/03j__next_dist_01qnk27._.js:2431
[  355438ms] [LOG] [HMR] connected @ http://localhost:3000/_next/static/chunks/03j__next_dist_01qnk27._.js:2431
[  360809ms] [ERROR] Failed to load resource: the server responded with a status of 404 (Not Found) @ http://localhost:3000/api/stream?tmdb=1368337&type=movie&season=1&episode=1:0
[  360812ms] [ERROR] Stream load failed: Error: No stream available for this title
    at loadStream (http://localhost:3000/_next/static/chunks/Downloads_prime%20clone_src_0rf5r5w._.js:2334:31) @ http://localhost:3000/_next/static/chunks/03j__next_dist_01qnk27._.js:3272
[  360931ms] [LOG] [Fast Refresh] rebuilding @ http://localhost:3000/_next/static/chunks/03j__next_dist_01qnk27._.js:2431
[  360932ms] [LOG] [Fast Refresh] done in 106ms @ http://localhost:3000/_next/static/chunks/03j__next_dist_01qnk27._.js:2431
