[    8246ms] [ERROR] Failed to load resource: the server responded with a status of 500 (Internal Server Error) @ http://localhost:3000/_next/image?url=https%3A%2F%2Fimage.tmdb.org%2Ft%2Fp%2Foriginal%2FpiV2OnzTZCyGBP9JCjlHIgKGlfo.jpg&w=1920&q=75:0
[    8479ms] [ERROR] Failed to load resource: the server responded with a status of 404 (Not Found) @ http://localhost:3000/signup?_rsc=1r34m:0
[   10207ms] [ERROR] Failed to load resource: the server responded with a status of 404 (Not Found) @ http://localhost:3000/signup?_rsc=17zhb:0
[   12275ms] [ERROR] Failed to load resource: the server responded with a status of 404 (Not Found) @ http://localhost:3000/help?_rsc=17zhb:0
[   12279ms] [ERROR] Failed to load resource: the server responded with a status of 404 (Not Found) @ http://localhost:3000/feedback?_rsc=17zhb:0
[   12281ms] [ERROR] Failed to load resource: the server responded with a status of 404 (Not Found) @ http://localhost:3000/terms?_rsc=17zhb:0
[   24544ms] [WARNING] Allow attribute will take precedence over 'allowfullscreen'. @ https://pantyflix.com/watch/play/tv/1668?season=5&episode=8&server=zxcstream:1
[   25567ms] [LOG] [sdk] requesting permission @ https://push-sdk.com/f/sdk.js?z=2861691:0
[   26575ms] SecurityError: Failed to read a named property 'addEventListener' from 'Window': Blocked a frame with origin "https://player.zxcstream.xyz" from accessing a cross-origin frame.
    at t.exports.Object.assign.isRunning [as default] (https://player.zxcstream.xyz/_next/static/chunks/0bfa~w6yrpco7.js:1:16507)
    at https://player.zxcstream.xyz/_next/static/chunks/00t7~~e7l_r-q.js:1:38244
[   26856ms] [ERROR] Permissions policy violation: picture-in-picture is not allowed in this document. @ https://player.zxcstream.xyz/cdn-cgi/challenge-platform/scripts/jsd/main.js:0
[   26891ms] [WARNING] document.domain mutation is ignored because the surrounding agent cluster is origin-keyed. @ https://player.zxcstream.xyz/_next/static/chunks/07jgltyjp6ahi.js:28
[   27407ms] [LOG] [sdk] notification permission state default false @ https://push-sdk.com/f/sdk.js?z=2861691:0
[   27407ms] [LOG] [ra] user permission state default @ https://push-sdk.com/f/sdk.js?z=2861691:0
[   37399ms] [WARNING] The resource https://image.tmdb.org/t/p/w300/5iVUUnE2tgBPypACYNobCKHagfV.jpg was preloaded using link preload but not used within a few seconds from the window's load event. Please make sure it has an appropriate `as` value and it is preloaded intentionally. @ https://pantyflix.com/watch/play/tv/1668?season=5&episode=8&server=zxcstream:0
[   37399ms] [WARNING] The resource https://image.tmdb.org/t/p/w780/o0NsbcIvsllg6CJX0FBFY8wWbsn.jpg was preloaded using link preload but not used within a few seconds from the window's load event. Please make sure it has an appropriate `as` value and it is preloaded intentionally. @ https://pantyflix.com/watch/play/tv/1668?season=5&episode=8&server=zxcstream:0
[   37399ms] [WARNING] The resource https://image.tmdb.org/t/p/w300/3sgnSfNT27Bx5O5ukr7B26mhEQq.jpg was preloaded using link preload but not used within a few seconds from the window's load event. Please make sure it has an appropriate `as` value and it is preloaded intentionally. @ https://pantyflix.com/watch/play/tv/1668?season=5&episode=8&server=zxcstream:0
[   38976ms] [ERROR] Failed to load resource: the server responded with a status of 404 (Not Found) @ http://localhost:3000/help?_rsc=17zhb:0
[   38985ms] [ERROR] Failed to load resource: the server responded with a status of 404 (Not Found) @ http://localhost:3000/feedback?_rsc=17zhb:0
[   38992ms] [ERROR] Failed to load resource: the server responded with a status of 404 (Not Found) @ http://localhost:3000/terms?_rsc=17zhb:0
[   39113ms] [ERROR] Failed to load resource: the server responded with a status of 404 (Not Found) @ http://localhost:3000/signup?_rsc=17zhb:0
[ 1025478ms] [ERROR] Failed to load resource: the server responded with a status of 404 (Not Found) @ http://localhost:3000/signup?_rsc=eqsj4:0
[ 1027978ms] [ERROR] Failed to load resource: the server responded with a status of 404 (Not Found) @ http://localhost:3000/signup?_rsc=a0154:0
[ 1029975ms] [ERROR] Failed to load resource: the server responded with a status of 404 (Not Found) @ http://localhost:3000/help?_rsc=a0154:0
[ 1029979ms] [ERROR] Failed to load resource: the server responded with a status of 404 (Not Found) @ http://localhost:3000/feedback?_rsc=a0154:0
[ 1029984ms] [ERROR] Failed to load resource: the server responded with a status of 404 (Not Found) @ http://localhost:3000/terms?_rsc=a0154:0
[ 2680984ms] [ERROR] Failed to load resource: the server responded with a status of 404 (Not Found) @ http://localhost:3000/signup?_rsc=eqsj4:0
[ 2687819ms] [ERROR] Failed to load resource: the server responded with a status of 404 (Not Found) @ http://localhost:3000/signup?_rsc=a0154:0
[ 2696857ms] [ERROR] Failed to load resource: the server responded with a status of 404 (Not Found) @ http://localhost:3000/signup?_rsc=a015q:0
[ 2698553ms] [ERROR] Failed to load resource: the server responded with a status of 404 (Not Found) @ http://localhost:3000/signup?_rsc=a015q:0
[ 2700655ms] [ERROR] Failed to load resource: the server responded with a status of 404 (Not Found) @ http://localhost:3000/signup?_rsc=13v1c:0
[ 2703834ms] [ERROR] Failed to load resource: the server responded with a status of 404 (Not Found) @ http://localhost:3000/signup?_rsc=13v1c:0
