[    4095ms] [INFO] %cDownload the React DevTools for a better development experience: https://react.dev/link/react-devtools font-weight:bold @ http://localhost:3001/_next/static/chunks/03j__next_dist_01qnk27._.js:2431
[    4372ms] [LOG] [HMR] connected @ http://localhost:3001/_next/static/chunks/03j__next_dist_01qnk27._.js:2431
[    4809ms] [LOG] [Fast Refresh] rebuilding @ http://localhost:3001/_next/static/chunks/03j__next_dist_01qnk27._.js:2431
[    5203ms] [WARNING] Image with src "/images/hero/logo-01.webp" has either width or height modified, but not the other. If you use CSS to change the size of your image, also include the styles 'width: "auto"' or 'height: "auto"' to maintain the aspect ratio. @ http://localhost:3001/_next/static/chunks/03j__next_dist_01qnk27._.js:2431
[    5204ms] [WARNING] Image with src "/images/hero/logo-02.webp" has either width or height modified, but not the other. If you use CSS to change the size of your image, also include the styles 'width: "auto"' or 'height: "auto"' to maintain the aspect ratio. @ http://localhost:3001/_next/static/chunks/03j__next_dist_01qnk27._.js:2431
[    5204ms] [WARNING] Image with src "/images/hero/logo-03.webp" has either width or height modified, but not the other. If you use CSS to change the size of your image, also include the styles 'width: "auto"' or 'height: "auto"' to maintain the aspect ratio. @ http://localhost:3001/_next/static/chunks/03j__next_dist_01qnk27._.js:2431
[    5204ms] [WARNING] Image with src "/images/hero/logo-04.webp" has either width or height modified, but not the other. If you use CSS to change the size of your image, also include the styles 'width: "auto"' or 'height: "auto"' to maintain the aspect ratio. @ http://localhost:3001/_next/static/chunks/03j__next_dist_01qnk27._.js:2431
[    5350ms] [LOG] [Fast Refresh] done in 695ms @ http://localhost:3001/_next/static/chunks/03j__next_dist_01qnk27._.js:2431
[    5531ms] [WARNING] Image with src "/images/hero/logo-05.webp" has either width or height modified, but not the other. If you use CSS to change the size of your image, also include the styles 'width: "auto"' or 'height: "auto"' to maintain the aspect ratio. @ http://localhost:3001/_next/static/chunks/03j__next_dist_01qnk27._.js:2431
[    5543ms] [LOG] [Fast Refresh] rebuilding @ http://localhost:3001/_next/static/chunks/03j__next_dist_01qnk27._.js:2431
[    5700ms] [LOG] [Fast Refresh] done in 258ms @ http://localhost:3001/_next/static/chunks/03j__next_dist_01qnk27._.js:2431
[   12286ms] [LOG] [Fast Refresh] rebuilding @ http://localhost:3001/_next/static/chunks/03j__next_dist_01qnk27._.js:2431
[   12406ms] [LOG] [Fast Refresh] done in 229ms @ http://localhost:3001/_next/static/chunks/03j__next_dist_01qnk27._.js:2431
[   14595ms] [LOG] [Fast Refresh] rebuilding @ http://localhost:3001/_next/static/chunks/03j__next_dist_01qnk27._.js:2431
[   14596ms] [LOG] [Fast Refresh] done in 116ms @ http://localhost:3001/_next/static/chunks/03j__next_dist_01qnk27._.js:2431
[   97598ms] [LOG] [Fast Refresh] rebuilding @ http://localhost:3001/_next/static/chunks/03j__next_dist_01qnk27._.js:2431
[   97792ms] [LOG] [Fast Refresh] done in 196ms @ http://localhost:3001/_next/static/chunks/03j__next_dist_01qnk27._.js:2431
[  103598ms] [LOG] [Fast Refresh] rebuilding @ http://localhost:3001/_next/static/chunks/03j__next_dist_01qnk27._.js:2431
[  103685ms] [LOG] [Fast Refresh] done in 81ms @ http://localhost:3001/_next/static/chunks/03j__next_dist_01qnk27._.js:2431
[  109252ms] [LOG] [Fast Refresh] rebuilding @ http://localhost:3001/_next/static/chunks/03j__next_dist_01qnk27._.js:2431
[  109352ms] [LOG] [Fast Refresh] done in 85ms @ http://localhost:3001/_next/static/chunks/03j__next_dist_01qnk27._.js:2431
[  123445ms] [LOG] [Fast Refresh] rebuilding @ http://localhost:3001/_next/static/chunks/03j__next_dist_01qnk27._.js:2431
[  123538ms] [LOG] [Fast Refresh] done in 59ms @ http://localhost:3001/_next/static/chunks/03j__next_dist_01qnk27._.js:2431
