[     755ms] [INFO] %cDownload the React DevTools for a better development experience: https://react.dev/link/react-devtools font-weight:bold @ http://localhost:3001/_next/static/chunks/03j__next_dist_01qnk27._.js:2431
[    1003ms] [LOG] [HMR] connected @ http://localhost:3001/_next/static/chunks/03j__next_dist_01qnk27._.js:2431
[    1331ms] [LOG] [Fast Refresh] rebuilding @ http://localhost:3001/_next/static/chunks/03j__next_dist_01qnk27._.js:2431
[    1368ms] [LOG] [Fast Refresh] done in 138ms @ http://localhost:3001/_next/static/chunks/03j__next_dist_01qnk27._.js:2431
[    1538ms] [LOG] [Fast Refresh] rebuilding @ http://localhost:3001/_next/static/chunks/03j__next_dist_01qnk27._.js:2431
[    1744ms] [LOG] [Fast Refresh] done in 308ms @ http://localhost:3001/_next/static/chunks/03j__next_dist_01qnk27._.js:2431
[    5836ms] Uncaught SecurityError: Failed to read a named property 'addEventListener' from 'Window': Blocked a frame with origin "https://www.2embed.cc" from accessing a frame with origin "http://localhost:3001".  The frame requesting access has a protocol of "https", the frame being accessed has a protocol of "http". Protocols must match.
    at Object.assign.isRunning (https://cdn.jsdelivr.net/npm/disable-devtool@latest:0:16814)
    at <anonymous> (https://cdn.jsdelivr.net/npm/disable-devtool@latest:0:17654)
    at <anonymous> (https://cdn.jsdelivr.net/npm/disable-devtool@latest:0:204)
    at <anonymous> (https://cdn.jsdelivr.net/npm/disable-devtool@latest:0:208)
[    8174ms] [LOG] [Fast Refresh] rebuilding @ http://localhost:3001/_next/static/chunks/03j__next_dist_01qnk27._.js:2431
[    8217ms] [LOG] [Fast Refresh] done in 158ms @ http://localhost:3001/_next/static/chunks/03j__next_dist_01qnk27._.js:2431
[   19295ms] [WARNING] document.domain mutation is ignored because the surrounding agent cluster is origin-keyed. @ https://www.2embed.cc/embed/550/s1e1:218
[   20436ms] Uncaught SecurityError: Failed to read a named property 'addEventListener' from 'Window': Blocked a frame with origin "https://streamsrcs.2embed.cc" from accessing a frame with origin "https://www.2embed.cc". Protocols, domains, and ports must match.
    at Object.assign.isRunning (https://cdn.jsdelivr.net/npm/disable-devtool@latest:0:16798)
    at <anonymous> (https://cdn.jsdelivr.net/npm/disable-devtool@latest:0:17654)
    at <anonymous> (https://cdn.jsdelivr.net/npm/disable-devtool@latest:0:204)
    at <anonymous> (https://cdn.jsdelivr.net/npm/disable-devtool@latest:0:208)
[   21686ms] [WARNING] document.domain mutation is ignored because the surrounding agent cluster is origin-keyed. @ https://play.xpass.top/static/sdbmini.js:0
[   22393ms] [ERROR] Failed to load resource: the server responded with a status of 403 () @ https://play.xpass.top/data/movie/0?autostart=true:0
[   23275ms] [ERROR] Failed to load resource: the server responded with a status of 404 () @ https://play.xpass.top/video/error:0
[   23886ms] [ERROR] Failed to load resource: the server responded with a status of 404 () @ https://play.xpass.top/video/error:0
[   24500ms] [ERROR] Failed to load resource: the server responded with a status of 404 () @ https://play.xpass.top/video/error:0
[   50092ms] [LOG] [Fast Refresh] rebuilding @ http://localhost:3001/_next/static/chunks/03j__next_dist_01qnk27._.js:2431
[   50132ms] [LOG] [Fast Refresh] done in 149ms @ http://localhost:3001/_next/static/chunks/03j__next_dist_01qnk27._.js:2431
[   50943ms] [LOG] [Fast Refresh] rebuilding @ http://localhost:3001/_next/static/chunks/03j__next_dist_01qnk27._.js:2431
[   51011ms] [LOG] [Fast Refresh] done in 181ms @ http://localhost:3001/_next/static/chunks/03j__next_dist_01qnk27._.js:2431
[   64715ms] [LOG] [Fast Refresh] rebuilding @ http://localhost:3001/_next/static/chunks/03j__next_dist_01qnk27._.js:2431
[   66902ms] [LOG] [Fast Refresh] done in 2303ms @ http://localhost:3001/_next/static/chunks/03j__next_dist_01qnk27._.js:2431
