[    7936ms] [WARNING] It is recommended that a robustness level be specified. Not specifying the robustness level could result in unexpected behavior. @ blob:https://www.primevideo.com/836b6a35-3470-468c-8d58-e5a4d1f7c822:1
[    7978ms] [WARNING] It is recommended that a robustness level be specified. Not specifying the robustness level could result in unexpected behavior. @ blob:https://www.primevideo.com/c5687735-20fe-44d9-ad12-1dc47faea443:1
[    8083ms] [WARNING] com.microsoft.playready.recommendation: Internal testing is highly recommended prior to enabling PlayReady playback on Windows. Failure to do so may cause application instability or playback errors.

Before generating a request, setServerCertificate() must be called with a valid server certificate. Otherwise, generateRequest() could fail. @ blob:https://www.primevideo.com/836b6a35-3470-468c-8d58-e5a4d1f7c822:1
[    8084ms] [WARNING] com.microsoft.playready.recommendation: Internal testing is highly recommended prior to enabling PlayReady playback on Windows. Failure to do so may cause application instability or playback errors.

Before generating a request, setServerCertificate() must be called with a valid server certificate. Otherwise, generateRequest() could fail. @ blob:https://www.primevideo.com/836b6a35-3470-468c-8d58-e5a4d1f7c822:1
[    8084ms] [WARNING] It is recommended that a robustness level be specified. Not specifying the robustness level could result in unexpected behavior. @ blob:https://www.primevideo.com/836b6a35-3470-468c-8d58-e5a4d1f7c822:1
[    8086ms] [WARNING] com.microsoft.playready.recommendation: Internal testing is highly recommended prior to enabling PlayReady playback on Windows. Failure to do so may cause application instability or playback errors.

Before generating a request, setServerCertificate() must be called with a valid server certificate. Otherwise, generateRequest() could fail. @ blob:https://www.primevideo.com/c5687735-20fe-44d9-ad12-1dc47faea443:1
[    8086ms] [WARNING] com.microsoft.playready.recommendation: Internal testing is highly recommended prior to enabling PlayReady playback on Windows. Failure to do so may cause application instability or playback errors.

Before generating a request, setServerCertificate() must be called with a valid server certificate. Otherwise, generateRequest() could fail. @ blob:https://www.primevideo.com/c5687735-20fe-44d9-ad12-1dc47faea443:1
[    8086ms] [WARNING] It is recommended that a robustness level be specified. Not specifying the robustness level could result in unexpected behavior. @ blob:https://www.primevideo.com/c5687735-20fe-44d9-ad12-1dc47faea443:1
[    9790ms] [WARNING] It is recommended that a robustness level be specified. Not specifying the robustness level could result in unexpected behavior. @ blob:https://www.primevideo.com/836b6a35-3470-468c-8d58-e5a4d1f7c822:1
[    9791ms] [WARNING] It is recommended that a robustness level be specified. Not specifying the robustness level could result in unexpected behavior. @ blob:https://www.primevideo.com/c5687735-20fe-44d9-ad12-1dc47faea443:1
[    9793ms] [WARNING] It is recommended that a robustness level be specified. Not specifying the robustness level could result in unexpected behavior. @ blob:https://www.primevideo.com/836b6a35-3470-468c-8d58-e5a4d1f7c822:1
[    9793ms] [WARNING] It is recommended that a robustness level be specified. Not specifying the robustness level could result in unexpected behavior. @ blob:https://www.primevideo.com/c5687735-20fe-44d9-ad12-1dc47faea443:1
[    9796ms] [WARNING] com.microsoft.playready.recommendation: Internal testing is highly recommended prior to enabling PlayReady playback on Windows. Failure to do so may cause application instability or playback errors.

Before generating a request, setServerCertificate() must be called with a valid server certificate. Otherwise, generateRequest() could fail. @ blob:https://www.primevideo.com/836b6a35-3470-468c-8d58-e5a4d1f7c822:1
[    9797ms] [WARNING] com.microsoft.playready.recommendation: Internal testing is highly recommended prior to enabling PlayReady playback on Windows. Failure to do so may cause application instability or playback errors.

Before generating a request, setServerCertificate() must be called with a valid server certificate. Otherwise, generateRequest() could fail. @ blob:https://www.primevideo.com/836b6a35-3470-468c-8d58-e5a4d1f7c822:1
[    9797ms] [WARNING] It is recommended that a robustness level be specified. Not specifying the robustness level could result in unexpected behavior. @ blob:https://www.primevideo.com/836b6a35-3470-468c-8d58-e5a4d1f7c822:1
[    9797ms] [WARNING] com.microsoft.playready.recommendation: Internal testing is highly recommended prior to enabling PlayReady playback on Windows. Failure to do so may cause application instability or playback errors.

Before generating a request, setServerCertificate() must be called with a valid server certificate. Otherwise, generateRequest() could fail. @ blob:https://www.primevideo.com/836b6a35-3470-468c-8d58-e5a4d1f7c822:1
[    9797ms] [WARNING] com.microsoft.playready.recommendation: Internal testing is highly recommended prior to enabling PlayReady playback on Windows. Failure to do so may cause application instability or playback errors.

Before generating a request, setServerCertificate() must be called with a valid server certificate. Otherwise, generateRequest() could fail. @ blob:https://www.primevideo.com/836b6a35-3470-468c-8d58-e5a4d1f7c822:1
[    9797ms] [WARNING] It is recommended that a robustness level be specified. Not specifying the robustness level could result in unexpected behavior. @ blob:https://www.primevideo.com/836b6a35-3470-468c-8d58-e5a4d1f7c822:1
[    9797ms] [WARNING] com.microsoft.playready.recommendation: Internal testing is highly recommended prior to enabling PlayReady playback on Windows. Failure to do so may cause application instability or playback errors.

Before generating a request, setServerCertificate() must be called with a valid server certificate. Otherwise, generateRequest() could fail. @ blob:https://www.primevideo.com/836b6a35-3470-468c-8d58-e5a4d1f7c822:1
[    9797ms] [WARNING] com.microsoft.playready.recommendation: Internal testing is highly recommended prior to enabling PlayReady playback on Windows. Failure to do so may cause application instability or playback errors.

Before generating a request, setServerCertificate() must be called with a valid server certificate. Otherwise, generateRequest() could fail. @ blob:https://www.primevideo.com/836b6a35-3470-468c-8d58-e5a4d1f7c822:1
[    9798ms] [WARNING] It is recommended that a robustness level be specified. Not specifying the robustness level could result in unexpected behavior. @ blob:https://www.primevideo.com/836b6a35-3470-468c-8d58-e5a4d1f7c822:1
[    9799ms] [WARNING] com.microsoft.playready.recommendation: Internal testing is highly recommended prior to enabling PlayReady playback on Windows. Failure to do so may cause application instability or playback errors.

Before generating a request, setServerCertificate() must be called with a valid server certificate. Otherwise, generateRequest() could fail. @ blob:https://www.primevideo.com/c5687735-20fe-44d9-ad12-1dc47faea443:1
[    9799ms] [WARNING] com.microsoft.playready.recommendation: Internal testing is highly recommended prior to enabling PlayReady playback on Windows. Failure to do so may cause application instability or playback errors.

Before generating a request, setServerCertificate() must be called with a valid server certificate. Otherwise, generateRequest() could fail. @ blob:https://www.primevideo.com/c5687735-20fe-44d9-ad12-1dc47faea443:1
[    9799ms] [WARNING] It is recommended that a robustness level be specified. Not specifying the robustness level could result in unexpected behavior. @ blob:https://www.primevideo.com/c5687735-20fe-44d9-ad12-1dc47faea443:1
[    9800ms] [WARNING] com.microsoft.playready.recommendation: Internal testing is highly recommended prior to enabling PlayReady playback on Windows. Failure to do so may cause application instability or playback errors.

Before generating a request, setServerCertificate() must be called with a valid server certificate. Otherwise, generateRequest() could fail. @ blob:https://www.primevideo.com/c5687735-20fe-44d9-ad12-1dc47faea443:1
[    9800ms] [WARNING] com.microsoft.playready.recommendation: Internal testing is highly recommended prior to enabling PlayReady playback on Windows. Failure to do so may cause application instability or playback errors.

Before generating a request, setServerCertificate() must be called with a valid server certificate. Otherwise, generateRequest() could fail. @ blob:https://www.primevideo.com/c5687735-20fe-44d9-ad12-1dc47faea443:1
[    9800ms] [WARNING] It is recommended that a robustness level be specified. Not specifying the robustness level could result in unexpected behavior. @ blob:https://www.primevideo.com/c5687735-20fe-44d9-ad12-1dc47faea443:1
[    9800ms] [WARNING] com.microsoft.playready.recommendation: Internal testing is highly recommended prior to enabling PlayReady playback on Windows. Failure to do so may cause application instability or playback errors.

Before generating a request, setServerCertificate() must be called with a valid server certificate. Otherwise, generateRequest() could fail. @ blob:https://www.primevideo.com/c5687735-20fe-44d9-ad12-1dc47faea443:1
[    9800ms] [WARNING] com.microsoft.playready.recommendation: Internal testing is highly recommended prior to enabling PlayReady playback on Windows. Failure to do so may cause application instability or playback errors.

Before generating a request, setServerCertificate() must be called with a valid server certificate. Otherwise, generateRequest() could fail. @ blob:https://www.primevideo.com/c5687735-20fe-44d9-ad12-1dc47faea443:1
[    9800ms] [WARNING] It is recommended that a robustness level be specified. Not specifying the robustness level could result in unexpected behavior. @ blob:https://www.primevideo.com/c5687735-20fe-44d9-ad12-1dc47faea443:1
[   11925ms] [WARNING] It is recommended that a robustness level be specified. Not specifying the robustness level could result in unexpected behavior. @ blob:https://www.primevideo.com/836b6a35-3470-468c-8d58-e5a4d1f7c822:1
[   11926ms] [WARNING] It is recommended that a robustness level be specified. Not specifying the robustness level could result in unexpected behavior. @ blob:https://www.primevideo.com/836b6a35-3470-468c-8d58-e5a4d1f7c822:1
[   11926ms] [WARNING] It is recommended that a robustness level be specified. Not specifying the robustness level could result in unexpected behavior. @ blob:https://www.primevideo.com/836b6a35-3470-468c-8d58-e5a4d1f7c822:1
[   11931ms] [ERROR] Error logged with the Track&Report JS errors API(http://tiny/1covqr6l8/wamazindeClieUserJava): {"m":"DraperPlayer error {\"logID\":{\"domain\":\"Unknown\",\"id\":\"Unknown\"}}: There was an error playing your video. Please try again. If the problem continues, contact customer service.","name":"xp.unknown","csm":"v5 ueLogError stack","logLevel":"ERROR","attribution":"ATVDetail:Season","pageURL":"https://www.primevideo.com/detail/0FB3Z6GESMKM5UFHF6QNBGVVOU?jic=16%7CCgNhbGwSA2FsbA%3D%3D&ref_=atv_hm_hom_c_bCxerx_qaS1p7_1_11","f":"blob:https://www.primevideo.com/836b6a35-3470-468c-8d58-e5a4d1f7c822","l":"2","s":["xp.unknown","at new t (blob:https://www.primevideo.com/836b6a35-3470-468c-8d58-e5a4d1f7c822:2:553823)","at e.xpToWebError (blob:https://www.primevideo.com/836b6a35-3470-468c-8d58-e5a4d1f7c822:2:557706)","at onXpContentError (blob:https://www.primevideo.com/836b6a35-3470-468c-8d58-e5a4d1f7c822:2:6634272)","at e.emitSync (blob:https://www.primevideo.com/836b6a35-3470-468c-8d58-e5a4d1f7c822:2:335254)","at Object.<anonymous> (blob:https://www.primevideo.com/836b6a35-3470-468c-8d58-e5a4d1f7c822:2:335605)","at onNextMicrotask (blob:https://www.primevideo.com/836b6a35-3470-468c-8d58-e5a4d1f7c822:2:39467)"],"t":11841} {m: DraperPlayer error {"logID":{"domain":"Unknown","i… the problem continues, contact customer service., name: xp.unknown, type: undefined, csm: v5 ueLogError stack, logLevel: ERROR} @ https://images-na.ssl-images-amazon.com/images/I/215h87l68bL.js:3
[   11934ms] [ERROR] Error logged with the Track&Report JS errors API(http://tiny/1covqr6l8/wamazindeClieUserJava): {"m":"DraperPlayer error {\"logID\":{\"domain\":\"Unknown\",\"id\":\"Unknown\"}}: An unknown error occurred during content loading","name":"UnknownError","csm":"v5 ueLogError stack","logLevel":"ERROR","attribution":"ATVDetail:Season","pageURL":"https://www.primevideo.com/detail/0FB3Z6GESMKM5UFHF6QNBGVVOU?jic=16%7CCgNhbGwSA2FsbA%3D%3D&ref_=atv_hm_hom_c_bCxerx_qaS1p7_1_11","f":"blob:https://www.primevideo.com/836b6a35-3470-468c-8d58-e5a4d1f7c822","l":"2","s":["UnknownError: An unknown error occurred during content loading","at e.newError (blob:https://www.primevideo.com/836b6a35-3470-468c-8d58-e5a4d1f7c822:2:554141)","at Object.onStateChange (blob:https://www.primevideo.com/836b6a35-3470-468c-8d58-e5a4d1f7c822:2:6648324)","at e.onStateChange (blob:https://www.primevideo.com/836b6a35-3470-468c-8d58-e5a4d1f7c822:2:6647603)","at onXpContentStateChange (blob:https://www.primevideo.com/836b6a35-3470-468c-8d58-e5a4d1f7c822:2:6633710)","at e.emitSync (blob:https://www.primevideo.com/836b6a35-3470-468c-8d58-e5a4d1f7c822:2:335254)","at Object.<anonymous> (blob:https://www.primevideo.com/836b6a35-3470-468c-8d58-e5a4d1f7c822:2:335605)","at onNextMicrotask (blob:https://www.primevideo.com/836b6a35-3470-468c-8d58-e5a4d1f7c822:2:39467)"],"t":11844} {m: DraperPlayer error {"logID":{"domain":"Unknown","i… An unknown error occurred during content loading, name: UnknownError, type: undefined, csm: v5 ueLogError stack, logLevel: ERROR} @ https://images-na.ssl-images-amazon.com/images/I/215h87l68bL.js:3
[   12944ms] [WARNING] It is recommended that a robustness level be specified. Not specifying the robustness level could result in unexpected behavior. @ blob:https://www.primevideo.com/836b6a35-3470-468c-8d58-e5a4d1f7c822:1
[   12945ms] [WARNING] It is recommended that a robustness level be specified. Not specifying the robustness level could result in unexpected behavior. @ blob:https://www.primevideo.com/836b6a35-3470-468c-8d58-e5a4d1f7c822:1
[   12945ms] [WARNING] It is recommended that a robustness level be specified. Not specifying the robustness level could result in unexpected behavior. @ blob:https://www.primevideo.com/836b6a35-3470-468c-8d58-e5a4d1f7c822:1
[   12976ms] [WARNING] It is recommended that a robustness level be specified. Not specifying the robustness level could result in unexpected behavior. @ blob:https://www.primevideo.com/c5687735-20fe-44d9-ad12-1dc47faea443:1
[   12976ms] [WARNING] It is recommended that a robustness level be specified. Not specifying the robustness level could result in unexpected behavior. @ blob:https://www.primevideo.com/c5687735-20fe-44d9-ad12-1dc47faea443:1
[   12977ms] [WARNING] It is recommended that a robustness level be specified. Not specifying the robustness level could result in unexpected behavior. @ blob:https://www.primevideo.com/c5687735-20fe-44d9-ad12-1dc47faea443:1
[   17957ms] [WARNING] It is recommended that a robustness level be specified. Not specifying the robustness level could result in unexpected behavior. @ blob:https://www.primevideo.com/836b6a35-3470-468c-8d58-e5a4d1f7c822:1
[   17957ms] [WARNING] It is recommended that a robustness level be specified. Not specifying the robustness level could result in unexpected behavior. @ blob:https://www.primevideo.com/836b6a35-3470-468c-8d58-e5a4d1f7c822:1
[   17958ms] [WARNING] It is recommended that a robustness level be specified. Not specifying the robustness level could result in unexpected behavior. @ blob:https://www.primevideo.com/836b6a35-3470-468c-8d58-e5a4d1f7c822:1
[   17989ms] [WARNING] It is recommended that a robustness level be specified. Not specifying the robustness level could result in unexpected behavior. @ blob:https://www.primevideo.com/c5687735-20fe-44d9-ad12-1dc47faea443:1
[   17989ms] [WARNING] It is recommended that a robustness level be specified. Not specifying the robustness level could result in unexpected behavior. @ blob:https://www.primevideo.com/c5687735-20fe-44d9-ad12-1dc47faea443:1
[   17989ms] [WARNING] It is recommended that a robustness level be specified. Not specifying the robustness level could result in unexpected behavior. @ blob:https://www.primevideo.com/c5687735-20fe-44d9-ad12-1dc47faea443:1
[   22958ms] [WARNING] It is recommended that a robustness level be specified. Not specifying the robustness level could result in unexpected behavior. @ blob:https://www.primevideo.com/836b6a35-3470-468c-8d58-e5a4d1f7c822:1
[   22958ms] [WARNING] It is recommended that a robustness level be specified. Not specifying the robustness level could result in unexpected behavior. @ blob:https://www.primevideo.com/836b6a35-3470-468c-8d58-e5a4d1f7c822:1
[   22958ms] [WARNING] It is recommended that a robustness level be specified. Not specifying the robustness level could result in unexpected behavior. @ blob:https://www.primevideo.com/836b6a35-3470-468c-8d58-e5a4d1f7c822:1
[   22996ms] [WARNING] It is recommended that a robustness level be specified. Not specifying the robustness level could result in unexpected behavior. @ blob:https://www.primevideo.com/c5687735-20fe-44d9-ad12-1dc47faea443:1
[   22996ms] [WARNING] It is recommended that a robustness level be specified. Not specifying the robustness level could result in unexpected behavior. @ blob:https://www.primevideo.com/c5687735-20fe-44d9-ad12-1dc47faea443:1
[   22996ms] [WARNING] It is recommended that a robustness level be specified. Not specifying the robustness level could result in unexpected behavior. @ blob:https://www.primevideo.com/c5687735-20fe-44d9-ad12-1dc47faea443:1
[   27974ms] [WARNING] It is recommended that a robustness level be specified. Not specifying the robustness level could result in unexpected behavior. @ blob:https://www.primevideo.com/836b6a35-3470-468c-8d58-e5a4d1f7c822:1
[   27974ms] [WARNING] It is recommended that a robustness level be specified. Not specifying the robustness level could result in unexpected behavior. @ blob:https://www.primevideo.com/836b6a35-3470-468c-8d58-e5a4d1f7c822:1
[   27974ms] [WARNING] It is recommended that a robustness level be specified. Not specifying the robustness level could result in unexpected behavior. @ blob:https://www.primevideo.com/836b6a35-3470-468c-8d58-e5a4d1f7c822:1
[   28006ms] [WARNING] It is recommended that a robustness level be specified. Not specifying the robustness level could result in unexpected behavior. @ blob:https://www.primevideo.com/c5687735-20fe-44d9-ad12-1dc47faea443:1
[   28006ms] [WARNING] It is recommended that a robustness level be specified. Not specifying the robustness level could result in unexpected behavior. @ blob:https://www.primevideo.com/c5687735-20fe-44d9-ad12-1dc47faea443:1
[   28006ms] [WARNING] It is recommended that a robustness level be specified. Not specifying the robustness level could result in unexpected behavior. @ blob:https://www.primevideo.com/c5687735-20fe-44d9-ad12-1dc47faea443:1
[   32983ms] [WARNING] It is recommended that a robustness level be specified. Not specifying the robustness level could result in unexpected behavior. @ blob:https://www.primevideo.com/836b6a35-3470-468c-8d58-e5a4d1f7c822:1
[   32983ms] [WARNING] It is recommended that a robustness level be specified. Not specifying the robustness level could result in unexpected behavior. @ blob:https://www.primevideo.com/836b6a35-3470-468c-8d58-e5a4d1f7c822:1
[   32983ms] [WARNING] It is recommended that a robustness level be specified. Not specifying the robustness level could result in unexpected behavior. @ blob:https://www.primevideo.com/836b6a35-3470-468c-8d58-e5a4d1f7c822:1
[   33017ms] [WARNING] It is recommended that a robustness level be specified. Not specifying the robustness level could result in unexpected behavior. @ blob:https://www.primevideo.com/c5687735-20fe-44d9-ad12-1dc47faea443:1
[   33017ms] [WARNING] It is recommended that a robustness level be specified. Not specifying the robustness level could result in unexpected behavior. @ blob:https://www.primevideo.com/c5687735-20fe-44d9-ad12-1dc47faea443:1
[   33017ms] [WARNING] It is recommended that a robustness level be specified. Not specifying the robustness level could result in unexpected behavior. @ blob:https://www.primevideo.com/c5687735-20fe-44d9-ad12-1dc47faea443:1
[   37986ms] [WARNING] It is recommended that a robustness level be specified. Not specifying the robustness level could result in unexpected behavior. @ blob:https://www.primevideo.com/836b6a35-3470-468c-8d58-e5a4d1f7c822:1
[   37986ms] [WARNING] It is recommended that a robustness level be specified. Not specifying the robustness level could result in unexpected behavior. @ blob:https://www.primevideo.com/836b6a35-3470-468c-8d58-e5a4d1f7c822:1
[   37986ms] [WARNING] It is recommended that a robustness level be specified. Not specifying the robustness level could result in unexpected behavior. @ blob:https://www.primevideo.com/836b6a35-3470-468c-8d58-e5a4d1f7c822:1
[   38033ms] [WARNING] It is recommended that a robustness level be specified. Not specifying the robustness level could result in unexpected behavior. @ blob:https://www.primevideo.com/c5687735-20fe-44d9-ad12-1dc47faea443:1
[   38033ms] [WARNING] It is recommended that a robustness level be specified. Not specifying the robustness level could result in unexpected behavior. @ blob:https://www.primevideo.com/c5687735-20fe-44d9-ad12-1dc47faea443:1
[   38033ms] [WARNING] It is recommended that a robustness level be specified. Not specifying the robustness level could result in unexpected behavior. @ blob:https://www.primevideo.com/c5687735-20fe-44d9-ad12-1dc47faea443:1
[   42994ms] [WARNING] It is recommended that a robustness level be specified. Not specifying the robustness level could result in unexpected behavior. @ blob:https://www.primevideo.com/836b6a35-3470-468c-8d58-e5a4d1f7c822:1
[   42995ms] [WARNING] It is recommended that a robustness level be specified. Not specifying the robustness level could result in unexpected behavior. @ blob:https://www.primevideo.com/836b6a35-3470-468c-8d58-e5a4d1f7c822:1
[   42995ms] [WARNING] It is recommended that a robustness level be specified. Not specifying the robustness level could result in unexpected behavior. @ blob:https://www.primevideo.com/836b6a35-3470-468c-8d58-e5a4d1f7c822:1
[   43042ms] [WARNING] It is recommended that a robustness level be specified. Not specifying the robustness level could result in unexpected behavior. @ blob:https://www.primevideo.com/c5687735-20fe-44d9-ad12-1dc47faea443:1
[   43042ms] [WARNING] It is recommended that a robustness level be specified. Not specifying the robustness level could result in unexpected behavior. @ blob:https://www.primevideo.com/c5687735-20fe-44d9-ad12-1dc47faea443:1
[   43042ms] [WARNING] It is recommended that a robustness level be specified. Not specifying the robustness level could result in unexpected behavior. @ blob:https://www.primevideo.com/c5687735-20fe-44d9-ad12-1dc47faea443:1
[   48004ms] [WARNING] It is recommended that a robustness level be specified. Not specifying the robustness level could result in unexpected behavior. @ blob:https://www.primevideo.com/836b6a35-3470-468c-8d58-e5a4d1f7c822:1
[   48004ms] [WARNING] It is recommended that a robustness level be specified. Not specifying the robustness level could result in unexpected behavior. @ blob:https://www.primevideo.com/836b6a35-3470-468c-8d58-e5a4d1f7c822:1
[   48004ms] [WARNING] It is recommended that a robustness level be specified. Not specifying the robustness level could result in unexpected behavior. @ blob:https://www.primevideo.com/836b6a35-3470-468c-8d58-e5a4d1f7c822:1
[   48051ms] [WARNING] It is recommended that a robustness level be specified. Not specifying the robustness level could result in unexpected behavior. @ blob:https://www.primevideo.com/c5687735-20fe-44d9-ad12-1dc47faea443:1
[   48051ms] [WARNING] It is recommended that a robustness level be specified. Not specifying the robustness level could result in unexpected behavior. @ blob:https://www.primevideo.com/c5687735-20fe-44d9-ad12-1dc47faea443:1
[   48051ms] [WARNING] It is recommended that a robustness level be specified. Not specifying the robustness level could result in unexpected behavior. @ blob:https://www.primevideo.com/c5687735-20fe-44d9-ad12-1dc47faea443:1
[   53007ms] [WARNING] It is recommended that a robustness level be specified. Not specifying the robustness level could result in unexpected behavior. @ blob:https://www.primevideo.com/836b6a35-3470-468c-8d58-e5a4d1f7c822:1
[   53007ms] [WARNING] It is recommended that a robustness level be specified. Not specifying the robustness level could result in unexpected behavior. @ blob:https://www.primevideo.com/836b6a35-3470-468c-8d58-e5a4d1f7c822:1
[   53008ms] [WARNING] It is recommended that a robustness level be specified. Not specifying the robustness level could result in unexpected behavior. @ blob:https://www.primevideo.com/836b6a35-3470-468c-8d58-e5a4d1f7c822:1
[   53064ms] [WARNING] It is recommended that a robustness level be specified. Not specifying the robustness level could result in unexpected behavior. @ blob:https://www.primevideo.com/c5687735-20fe-44d9-ad12-1dc47faea443:1
[   53064ms] [WARNING] It is recommended that a robustness level be specified. Not specifying the robustness level could result in unexpected behavior. @ blob:https://www.primevideo.com/c5687735-20fe-44d9-ad12-1dc47faea443:1
[   53064ms] [WARNING] It is recommended that a robustness level be specified. Not specifying the robustness level could result in unexpected behavior. @ blob:https://www.primevideo.com/c5687735-20fe-44d9-ad12-1dc47faea443:1
[   58017ms] [WARNING] It is recommended that a robustness level be specified. Not specifying the robustness level could result in unexpected behavior. @ blob:https://www.primevideo.com/836b6a35-3470-468c-8d58-e5a4d1f7c822:1
[   58017ms] [WARNING] It is recommended that a robustness level be specified. Not specifying the robustness level could result in unexpected behavior. @ blob:https://www.primevideo.com/836b6a35-3470-468c-8d58-e5a4d1f7c822:1
[   58017ms] [WARNING] It is recommended that a robustness level be specified. Not specifying the robustness level could result in unexpected behavior. @ blob:https://www.primevideo.com/836b6a35-3470-468c-8d58-e5a4d1f7c822:1
[   58078ms] [WARNING] It is recommended that a robustness level be specified. Not specifying the robustness level could result in unexpected behavior. @ blob:https://www.primevideo.com/c5687735-20fe-44d9-ad12-1dc47faea443:1
[   58079ms] [WARNING] It is recommended that a robustness level be specified. Not specifying the robustness level could result in unexpected behavior. @ blob:https://www.primevideo.com/c5687735-20fe-44d9-ad12-1dc47faea443:1
[   58080ms] [WARNING] It is recommended that a robustness level be specified. Not specifying the robustness level could result in unexpected behavior. @ blob:https://www.primevideo.com/c5687735-20fe-44d9-ad12-1dc47faea443:1
[   63024ms] [WARNING] It is recommended that a robustness level be specified. Not specifying the robustness level could result in unexpected behavior. @ blob:https://www.primevideo.com/836b6a35-3470-468c-8d58-e5a4d1f7c822:1
[   63024ms] [WARNING] It is recommended that a robustness level be specified. Not specifying the robustness level could result in unexpected behavior. @ blob:https://www.primevideo.com/836b6a35-3470-468c-8d58-e5a4d1f7c822:1
[   63024ms] [WARNING] It is recommended that a robustness level be specified. Not specifying the robustness level could result in unexpected behavior. @ blob:https://www.primevideo.com/836b6a35-3470-468c-8d58-e5a4d1f7c822:1
[   63085ms] [WARNING] It is recommended that a robustness level be specified. Not specifying the robustness level could result in unexpected behavior. @ blob:https://www.primevideo.com/c5687735-20fe-44d9-ad12-1dc47faea443:1
[   63085ms] [WARNING] It is recommended that a robustness level be specified. Not specifying the robustness level could result in unexpected behavior. @ blob:https://www.primevideo.com/c5687735-20fe-44d9-ad12-1dc47faea443:1
[   63085ms] [WARNING] It is recommended that a robustness level be specified. Not specifying the robustness level could result in unexpected behavior. @ blob:https://www.primevideo.com/c5687735-20fe-44d9-ad12-1dc47faea443:1
[   68033ms] [WARNING] It is recommended that a robustness level be specified. Not specifying the robustness level could result in unexpected behavior. @ blob:https://www.primevideo.com/836b6a35-3470-468c-8d58-e5a4d1f7c822:1
[   68033ms] [WARNING] It is recommended that a robustness level be specified. Not specifying the robustness level could result in unexpected behavior. @ blob:https://www.primevideo.com/836b6a35-3470-468c-8d58-e5a4d1f7c822:1
[   68033ms] [WARNING] It is recommended that a robustness level be specified. Not specifying the robustness level could result in unexpected behavior. @ blob:https://www.primevideo.com/836b6a35-3470-468c-8d58-e5a4d1f7c822:1
[   68099ms] [WARNING] It is recommended that a robustness level be specified. Not specifying the robustness level could result in unexpected behavior. @ blob:https://www.primevideo.com/c5687735-20fe-44d9-ad12-1dc47faea443:1
[   68099ms] [WARNING] It is recommended that a robustness level be specified. Not specifying the robustness level could result in unexpected behavior. @ blob:https://www.primevideo.com/c5687735-20fe-44d9-ad12-1dc47faea443:1
[   68099ms] [WARNING] It is recommended that a robustness level be specified. Not specifying the robustness level could result in unexpected behavior. @ blob:https://www.primevideo.com/c5687735-20fe-44d9-ad12-1dc47faea443:1
[   73044ms] [WARNING] It is recommended that a robustness level be specified. Not specifying the robustness level could result in unexpected behavior. @ blob:https://www.primevideo.com/836b6a35-3470-468c-8d58-e5a4d1f7c822:1
[   73044ms] [WARNING] It is recommended that a robustness level be specified. Not specifying the robustness level could result in unexpected behavior. @ blob:https://www.primevideo.com/836b6a35-3470-468c-8d58-e5a4d1f7c822:1
[   73044ms] [WARNING] It is recommended that a robustness level be specified. Not specifying the robustness level could result in unexpected behavior. @ blob:https://www.primevideo.com/836b6a35-3470-468c-8d58-e5a4d1f7c822:1
[   73108ms] [WARNING] It is recommended that a robustness level be specified. Not specifying the robustness level could result in unexpected behavior. @ blob:https://www.primevideo.com/c5687735-20fe-44d9-ad12-1dc47faea443:1
[   73108ms] [WARNING] It is recommended that a robustness level be specified. Not specifying the robustness level could result in unexpected behavior. @ blob:https://www.primevideo.com/c5687735-20fe-44d9-ad12-1dc47faea443:1
[   73109ms] [WARNING] It is recommended that a robustness level be specified. Not specifying the robustness level could result in unexpected behavior. @ blob:https://www.primevideo.com/c5687735-20fe-44d9-ad12-1dc47faea443:1
[   78049ms] [WARNING] It is recommended that a robustness level be specified. Not specifying the robustness level could result in unexpected behavior. @ blob:https://www.primevideo.com/836b6a35-3470-468c-8d58-e5a4d1f7c822:1
[   78049ms] [WARNING] It is recommended that a robustness level be specified. Not specifying the robustness level could result in unexpected behavior. @ blob:https://www.primevideo.com/836b6a35-3470-468c-8d58-e5a4d1f7c822:1
[   78049ms] [WARNING] It is recommended that a robustness level be specified. Not specifying the robustness level could result in unexpected behavior. @ blob:https://www.primevideo.com/836b6a35-3470-468c-8d58-e5a4d1f7c822:1
[   78111ms] [WARNING] It is recommended that a robustness level be specified. Not specifying the robustness level could result in unexpected behavior. @ blob:https://www.primevideo.com/c5687735-20fe-44d9-ad12-1dc47faea443:1
[   78111ms] [WARNING] It is recommended that a robustness level be specified. Not specifying the robustness level could result in unexpected behavior. @ blob:https://www.primevideo.com/c5687735-20fe-44d9-ad12-1dc47faea443:1
[   78111ms] [WARNING] It is recommended that a robustness level be specified. Not specifying the robustness level could result in unexpected behavior. @ blob:https://www.primevideo.com/c5687735-20fe-44d9-ad12-1dc47faea443:1
[   83058ms] [WARNING] It is recommended that a robustness level be specified. Not specifying the robustness level could result in unexpected behavior. @ blob:https://www.primevideo.com/836b6a35-3470-468c-8d58-e5a4d1f7c822:1
[   83059ms] [WARNING] It is recommended that a robustness level be specified. Not specifying the robustness level could result in unexpected behavior. @ blob:https://www.primevideo.com/836b6a35-3470-468c-8d58-e5a4d1f7c822:1
[   83061ms] [WARNING] It is recommended that a robustness level be specified. Not specifying the robustness level could result in unexpected behavior. @ blob:https://www.primevideo.com/836b6a35-3470-468c-8d58-e5a4d1f7c822:1
[   83121ms] [WARNING] It is recommended that a robustness level be specified. Not specifying the robustness level could result in unexpected behavior. @ blob:https://www.primevideo.com/c5687735-20fe-44d9-ad12-1dc47faea443:1
[   83121ms] [WARNING] It is recommended that a robustness level be specified. Not specifying the robustness level could result in unexpected behavior. @ blob:https://www.primevideo.com/c5687735-20fe-44d9-ad12-1dc47faea443:1
[   83121ms] [WARNING] It is recommended that a robustness level be specified. Not specifying the robustness level could result in unexpected behavior. @ blob:https://www.primevideo.com/c5687735-20fe-44d9-ad12-1dc47faea443:1
[   88065ms] [WARNING] It is recommended that a robustness level be specified. Not specifying the robustness level could result in unexpected behavior. @ blob:https://www.primevideo.com/836b6a35-3470-468c-8d58-e5a4d1f7c822:1
[   88065ms] [WARNING] It is recommended that a robustness level be specified. Not specifying the robustness level could result in unexpected behavior. @ blob:https://www.primevideo.com/836b6a35-3470-468c-8d58-e5a4d1f7c822:1
[   88066ms] [WARNING] It is recommended that a robustness level be specified. Not specifying the robustness level could result in unexpected behavior. @ blob:https://www.primevideo.com/836b6a35-3470-468c-8d58-e5a4d1f7c822:1
[   88127ms] [WARNING] It is recommended that a robustness level be specified. Not specifying the robustness level could result in unexpected behavior. @ blob:https://www.primevideo.com/c5687735-20fe-44d9-ad12-1dc47faea443:1
[   88128ms] [WARNING] It is recommended that a robustness level be specified. Not specifying the robustness level could result in unexpected behavior. @ blob:https://www.primevideo.com/c5687735-20fe-44d9-ad12-1dc47faea443:1
[   88128ms] [WARNING] It is recommended that a robustness level be specified. Not specifying the robustness level could result in unexpected behavior. @ blob:https://www.primevideo.com/c5687735-20fe-44d9-ad12-1dc47faea443:1
[   93072ms] [WARNING] It is recommended that a robustness level be specified. Not specifying the robustness level could result in unexpected behavior. @ blob:https://www.primevideo.com/836b6a35-3470-468c-8d58-e5a4d1f7c822:1
[   93073ms] [WARNING] It is recommended that a robustness level be specified. Not specifying the robustness level could result in unexpected behavior. @ blob:https://www.primevideo.com/836b6a35-3470-468c-8d58-e5a4d1f7c822:1
[   93073ms] [WARNING] It is recommended that a robustness level be specified. Not specifying the robustness level could result in unexpected behavior. @ blob:https://www.primevideo.com/836b6a35-3470-468c-8d58-e5a4d1f7c822:1
[   93143ms] [WARNING] It is recommended that a robustness level be specified. Not specifying the robustness level could result in unexpected behavior. @ blob:https://www.primevideo.com/c5687735-20fe-44d9-ad12-1dc47faea443:1
[   93144ms] [WARNING] It is recommended that a robustness level be specified. Not specifying the robustness level could result in unexpected behavior. @ blob:https://www.primevideo.com/c5687735-20fe-44d9-ad12-1dc47faea443:1
[   93145ms] [WARNING] It is recommended that a robustness level be specified. Not specifying the robustness level could result in unexpected behavior. @ blob:https://www.primevideo.com/c5687735-20fe-44d9-ad12-1dc47faea443:1
[   98089ms] [WARNING] It is recommended that a robustness level be specified. Not specifying the robustness level could result in unexpected behavior. @ blob:https://www.primevideo.com/836b6a35-3470-468c-8d58-e5a4d1f7c822:1
[   98089ms] [WARNING] It is recommended that a robustness level be specified. Not specifying the robustness level could result in unexpected behavior. @ blob:https://www.primevideo.com/836b6a35-3470-468c-8d58-e5a4d1f7c822:1
[   98089ms] [WARNING] It is recommended that a robustness level be specified. Not specifying the robustness level could result in unexpected behavior. @ blob:https://www.primevideo.com/836b6a35-3470-468c-8d58-e5a4d1f7c822:1
[   98151ms] [WARNING] It is recommended that a robustness level be specified. Not specifying the robustness level could result in unexpected behavior. @ blob:https://www.primevideo.com/c5687735-20fe-44d9-ad12-1dc47faea443:1
[   98151ms] [WARNING] It is recommended that a robustness level be specified. Not specifying the robustness level could result in unexpected behavior. @ blob:https://www.primevideo.com/c5687735-20fe-44d9-ad12-1dc47faea443:1
[   98151ms] [WARNING] It is recommended that a robustness level be specified. Not specifying the robustness level could result in unexpected behavior. @ blob:https://www.primevideo.com/c5687735-20fe-44d9-ad12-1dc47faea443:1
[  103100ms] [WARNING] It is recommended that a robustness level be specified. Not specifying the robustness level could result in unexpected behavior. @ blob:https://www.primevideo.com/836b6a35-3470-468c-8d58-e5a4d1f7c822:1
[  103101ms] [WARNING] It is recommended that a robustness level be specified. Not specifying the robustness level could result in unexpected behavior. @ blob:https://www.primevideo.com/836b6a35-3470-468c-8d58-e5a4d1f7c822:1
[  103101ms] [WARNING] It is recommended that a robustness level be specified. Not specifying the robustness level could result in unexpected behavior. @ blob:https://www.primevideo.com/836b6a35-3470-468c-8d58-e5a4d1f7c822:1
[  103163ms] [WARNING] It is recommended that a robustness level be specified. Not specifying the robustness level could result in unexpected behavior. @ blob:https://www.primevideo.com/c5687735-20fe-44d9-ad12-1dc47faea443:1
[  103163ms] [WARNING] It is recommended that a robustness level be specified. Not specifying the robustness level could result in unexpected behavior. @ blob:https://www.primevideo.com/c5687735-20fe-44d9-ad12-1dc47faea443:1
[  103164ms] [WARNING] It is recommended that a robustness level be specified. Not specifying the robustness level could result in unexpected behavior. @ blob:https://www.primevideo.com/c5687735-20fe-44d9-ad12-1dc47faea443:1
[  108109ms] [WARNING] It is recommended that a robustness level be specified. Not specifying the robustness level could result in unexpected behavior. @ blob:https://www.primevideo.com/836b6a35-3470-468c-8d58-e5a4d1f7c822:1
[  108110ms] [WARNING] It is recommended that a robustness level be specified. Not specifying the robustness level could result in unexpected behavior. @ blob:https://www.primevideo.com/836b6a35-3470-468c-8d58-e5a4d1f7c822:1
[  108110ms] [WARNING] It is recommended that a robustness level be specified. Not specifying the robustness level could result in unexpected behavior. @ blob:https://www.primevideo.com/836b6a35-3470-468c-8d58-e5a4d1f7c822:1
[  108170ms] [WARNING] It is recommended that a robustness level be specified. Not specifying the robustness level could result in unexpected behavior. @ blob:https://www.primevideo.com/c5687735-20fe-44d9-ad12-1dc47faea443:1
[  108171ms] [WARNING] It is recommended that a robustness level be specified. Not specifying the robustness level could result in unexpected behavior. @ blob:https://www.primevideo.com/c5687735-20fe-44d9-ad12-1dc47faea443:1
[  108171ms] [WARNING] It is recommended that a robustness level be specified. Not specifying the robustness level could result in unexpected behavior. @ blob:https://www.primevideo.com/c5687735-20fe-44d9-ad12-1dc47faea443:1
[  113114ms] [WARNING] It is recommended that a robustness level be specified. Not specifying the robustness level could result in unexpected behavior. @ blob:https://www.primevideo.com/836b6a35-3470-468c-8d58-e5a4d1f7c822:1
[  113114ms] [WARNING] It is recommended that a robustness level be specified. Not specifying the robustness level could result in unexpected behavior. @ blob:https://www.primevideo.com/836b6a35-3470-468c-8d58-e5a4d1f7c822:1
[  113114ms] [WARNING] It is recommended that a robustness level be specified. Not specifying the robustness level could result in unexpected behavior. @ blob:https://www.primevideo.com/836b6a35-3470-468c-8d58-e5a4d1f7c822:1
[  113177ms] [WARNING] It is recommended that a robustness level be specified. Not specifying the robustness level could result in unexpected behavior. @ blob:https://www.primevideo.com/c5687735-20fe-44d9-ad12-1dc47faea443:1
[  113177ms] [WARNING] It is recommended that a robustness level be specified. Not specifying the robustness level could result in unexpected behavior. @ blob:https://www.primevideo.com/c5687735-20fe-44d9-ad12-1dc47faea443:1
[  113177ms] [WARNING] It is recommended that a robustness level be specified. Not specifying the robustness level could result in unexpected behavior. @ blob:https://www.primevideo.com/c5687735-20fe-44d9-ad12-1dc47faea443:1
[  118116ms] [WARNING] It is recommended that a robustness level be specified. Not specifying the robustness level could result in unexpected behavior. @ blob:https://www.primevideo.com/836b6a35-3470-468c-8d58-e5a4d1f7c822:1
[  118116ms] [WARNING] It is recommended that a robustness level be specified. Not specifying the robustness level could result in unexpected behavior. @ blob:https://www.primevideo.com/836b6a35-3470-468c-8d58-e5a4d1f7c822:1
[  118116ms] [WARNING] It is recommended that a robustness level be specified. Not specifying the robustness level could result in unexpected behavior. @ blob:https://www.primevideo.com/836b6a35-3470-468c-8d58-e5a4d1f7c822:1
[  118192ms] [WARNING] It is recommended that a robustness level be specified. Not specifying the robustness level could result in unexpected behavior. @ blob:https://www.primevideo.com/c5687735-20fe-44d9-ad12-1dc47faea443:1
[  118192ms] [WARNING] It is recommended that a robustness level be specified. Not specifying the robustness level could result in unexpected behavior. @ blob:https://www.primevideo.com/c5687735-20fe-44d9-ad12-1dc47faea443:1
[  118192ms] [WARNING] It is recommended that a robustness level be specified. Not specifying the robustness level could result in unexpected behavior. @ blob:https://www.primevideo.com/c5687735-20fe-44d9-ad12-1dc47faea443:1
[  123123ms] [WARNING] It is recommended that a robustness level be specified. Not specifying the robustness level could result in unexpected behavior. @ blob:https://www.primevideo.com/836b6a35-3470-468c-8d58-e5a4d1f7c822:1
[  123123ms] [WARNING] It is recommended that a robustness level be specified. Not specifying the robustness level could result in unexpected behavior. @ blob:https://www.primevideo.com/836b6a35-3470-468c-8d58-e5a4d1f7c822:1
[  123124ms] [WARNING] It is recommended that a robustness level be specified. Not specifying the robustness level could result in unexpected behavior. @ blob:https://www.primevideo.com/836b6a35-3470-468c-8d58-e5a4d1f7c822:1
[  123201ms] [WARNING] It is recommended that a robustness level be specified. Not specifying the robustness level could result in unexpected behavior. @ blob:https://www.primevideo.com/c5687735-20fe-44d9-ad12-1dc47faea443:1
[  123201ms] [WARNING] It is recommended that a robustness level be specified. Not specifying the robustness level could result in unexpected behavior. @ blob:https://www.primevideo.com/c5687735-20fe-44d9-ad12-1dc47faea443:1
[  123201ms] [WARNING] It is recommended that a robustness level be specified. Not specifying the robustness level could result in unexpected behavior. @ blob:https://www.primevideo.com/c5687735-20fe-44d9-ad12-1dc47faea443:1
[  128140ms] [WARNING] It is recommended that a robustness level be specified. Not specifying the robustness level could result in unexpected behavior. @ blob:https://www.primevideo.com/836b6a35-3470-468c-8d58-e5a4d1f7c822:1
[  128140ms] [WARNING] It is recommended that a robustness level be specified. Not specifying the robustness level could result in unexpected behavior. @ blob:https://www.primevideo.com/836b6a35-3470-468c-8d58-e5a4d1f7c822:1
[  128141ms] [WARNING] It is recommended that a robustness level be specified. Not specifying the robustness level could result in unexpected behavior. @ blob:https://www.primevideo.com/836b6a35-3470-468c-8d58-e5a4d1f7c822:1
[  128217ms] [WARNING] It is recommended that a robustness level be specified. Not specifying the robustness level could result in unexpected behavior. @ blob:https://www.primevideo.com/c5687735-20fe-44d9-ad12-1dc47faea443:1
[  128217ms] [WARNING] It is recommended that a robustness level be specified. Not specifying the robustness level could result in unexpected behavior. @ blob:https://www.primevideo.com/c5687735-20fe-44d9-ad12-1dc47faea443:1
[  128217ms] [WARNING] It is recommended that a robustness level be specified. Not specifying the robustness level could result in unexpected behavior. @ blob:https://www.primevideo.com/c5687735-20fe-44d9-ad12-1dc47faea443:1
[  133151ms] [WARNING] It is recommended that a robustness level be specified. Not specifying the robustness level could result in unexpected behavior. @ blob:https://www.primevideo.com/836b6a35-3470-468c-8d58-e5a4d1f7c822:1
[  133151ms] [WARNING] It is recommended that a robustness level be specified. Not specifying the robustness level could result in unexpected behavior. @ blob:https://www.primevideo.com/836b6a35-3470-468c-8d58-e5a4d1f7c822:1
[  133151ms] [WARNING] It is recommended that a robustness level be specified. Not specifying the robustness level could result in unexpected behavior. @ blob:https://www.primevideo.com/836b6a35-3470-468c-8d58-e5a4d1f7c822:1
[  133229ms] [WARNING] It is recommended that a robustness level be specified. Not specifying the robustness level could result in unexpected behavior. @ blob:https://www.primevideo.com/c5687735-20fe-44d9-ad12-1dc47faea443:1
[  133229ms] [WARNING] It is recommended that a robustness level be specified. Not specifying the robustness level could result in unexpected behavior. @ blob:https://www.primevideo.com/c5687735-20fe-44d9-ad12-1dc47faea443:1
[  133229ms] [WARNING] It is recommended that a robustness level be specified. Not specifying the robustness level could result in unexpected behavior. @ blob:https://www.primevideo.com/c5687735-20fe-44d9-ad12-1dc47faea443:1
[  138168ms] [WARNING] It is recommended that a robustness level be specified. Not specifying the robustness level could result in unexpected behavior. @ blob:https://www.primevideo.com/836b6a35-3470-468c-8d58-e5a4d1f7c822:1
[  138168ms] [WARNING] It is recommended that a robustness level be specified. Not specifying the robustness level could result in unexpected behavior. @ blob:https://www.primevideo.com/836b6a35-3470-468c-8d58-e5a4d1f7c822:1
[  138168ms] [WARNING] It is recommended that a robustness level be specified. Not specifying the robustness level could result in unexpected behavior. @ blob:https://www.primevideo.com/836b6a35-3470-468c-8d58-e5a4d1f7c822:1
[  138230ms] [WARNING] It is recommended that a robustness level be specified. Not specifying the robustness level could result in unexpected behavior. @ blob:https://www.primevideo.com/c5687735-20fe-44d9-ad12-1dc47faea443:1
[  138230ms] [WARNING] It is recommended that a robustness level be specified. Not specifying the robustness level could result in unexpected behavior. @ blob:https://www.primevideo.com/c5687735-20fe-44d9-ad12-1dc47faea443:1
[  138230ms] [WARNING] It is recommended that a robustness level be specified. Not specifying the robustness level could result in unexpected behavior. @ blob:https://www.primevideo.com/c5687735-20fe-44d9-ad12-1dc47faea443:1
[  143172ms] [WARNING] It is recommended that a robustness level be specified. Not specifying the robustness level could result in unexpected behavior. @ blob:https://www.primevideo.com/836b6a35-3470-468c-8d58-e5a4d1f7c822:1
[  143172ms] [WARNING] It is recommended that a robustness level be specified. Not specifying the robustness level could result in unexpected behavior. @ blob:https://www.primevideo.com/836b6a35-3470-468c-8d58-e5a4d1f7c822:1
[  143172ms] [WARNING] It is recommended that a robustness level be specified. Not specifying the robustness level could result in unexpected behavior. @ blob:https://www.primevideo.com/836b6a35-3470-468c-8d58-e5a4d1f7c822:1
[  143233ms] [WARNING] It is recommended that a robustness level be specified. Not specifying the robustness level could result in unexpected behavior. @ blob:https://www.primevideo.com/c5687735-20fe-44d9-ad12-1dc47faea443:1
[  143233ms] [WARNING] It is recommended that a robustness level be specified. Not specifying the robustness level could result in unexpected behavior. @ blob:https://www.primevideo.com/c5687735-20fe-44d9-ad12-1dc47faea443:1
[  143233ms] [WARNING] It is recommended that a robustness level be specified. Not specifying the robustness level could result in unexpected behavior. @ blob:https://www.primevideo.com/c5687735-20fe-44d9-ad12-1dc47faea443:1
[  148188ms] [WARNING] It is recommended that a robustness level be specified. Not specifying the robustness level could result in unexpected behavior. @ blob:https://www.primevideo.com/836b6a35-3470-468c-8d58-e5a4d1f7c822:1
[  148189ms] [WARNING] It is recommended that a robustness level be specified. Not specifying the robustness level could result in unexpected behavior. @ blob:https://www.primevideo.com/836b6a35-3470-468c-8d58-e5a4d1f7c822:1
[  148189ms] [WARNING] It is recommended that a robustness level be specified. Not specifying the robustness level could result in unexpected behavior. @ blob:https://www.primevideo.com/836b6a35-3470-468c-8d58-e5a4d1f7c822:1
[  148235ms] [WARNING] It is recommended that a robustness level be specified. Not specifying the robustness level could result in unexpected behavior. @ blob:https://www.primevideo.com/c5687735-20fe-44d9-ad12-1dc47faea443:1
[  148235ms] [WARNING] It is recommended that a robustness level be specified. Not specifying the robustness level could result in unexpected behavior. @ blob:https://www.primevideo.com/c5687735-20fe-44d9-ad12-1dc47faea443:1
[  148235ms] [WARNING] It is recommended that a robustness level be specified. Not specifying the robustness level could result in unexpected behavior. @ blob:https://www.primevideo.com/c5687735-20fe-44d9-ad12-1dc47faea443:1
[  153204ms] [WARNING] It is recommended that a robustness level be specified. Not specifying the robustness level could result in unexpected behavior. @ blob:https://www.primevideo.com/836b6a35-3470-468c-8d58-e5a4d1f7c822:1
[  153205ms] [WARNING] It is recommended that a robustness level be specified. Not specifying the robustness level could result in unexpected behavior. @ blob:https://www.primevideo.com/836b6a35-3470-468c-8d58-e5a4d1f7c822:1
[  153206ms] [WARNING] It is recommended that a robustness level be specified. Not specifying the robustness level could result in unexpected behavior. @ blob:https://www.primevideo.com/836b6a35-3470-468c-8d58-e5a4d1f7c822:1
[  153250ms] [WARNING] It is recommended that a robustness level be specified. Not specifying the robustness level could result in unexpected behavior. @ blob:https://www.primevideo.com/c5687735-20fe-44d9-ad12-1dc47faea443:1
[  153250ms] [WARNING] It is recommended that a robustness level be specified. Not specifying the robustness level could result in unexpected behavior. @ blob:https://www.primevideo.com/c5687735-20fe-44d9-ad12-1dc47faea443:1
[  153250ms] [WARNING] It is recommended that a robustness level be specified. Not specifying the robustness level could result in unexpected behavior. @ blob:https://www.primevideo.com/c5687735-20fe-44d9-ad12-1dc47faea443:1
[  158212ms] [WARNING] It is recommended that a robustness level be specified. Not specifying the robustness level could result in unexpected behavior. @ blob:https://www.primevideo.com/836b6a35-3470-468c-8d58-e5a4d1f7c822:1
[  158213ms] [WARNING] It is recommended that a robustness level be specified. Not specifying the robustness level could result in unexpected behavior. @ blob:https://www.primevideo.com/836b6a35-3470-468c-8d58-e5a4d1f7c822:1
[  158213ms] [WARNING] It is recommended that a robustness level be specified. Not specifying the robustness level could result in unexpected behavior. @ blob:https://www.primevideo.com/836b6a35-3470-468c-8d58-e5a4d1f7c822:1
[  158259ms] [WARNING] It is recommended that a robustness level be specified. Not specifying the robustness level could result in unexpected behavior. @ blob:https://www.primevideo.com/c5687735-20fe-44d9-ad12-1dc47faea443:1
[  158259ms] [WARNING] It is recommended that a robustness level be specified. Not specifying the robustness level could result in unexpected behavior. @ blob:https://www.primevideo.com/c5687735-20fe-44d9-ad12-1dc47faea443:1
[  158259ms] [WARNING] It is recommended that a robustness level be specified. Not specifying the robustness level could result in unexpected behavior. @ blob:https://www.primevideo.com/c5687735-20fe-44d9-ad12-1dc47faea443:1
[  163222ms] [WARNING] It is recommended that a robustness level be specified. Not specifying the robustness level could result in unexpected behavior. @ blob:https://www.primevideo.com/836b6a35-3470-468c-8d58-e5a4d1f7c822:1
[  163222ms] [WARNING] It is recommended that a robustness level be specified. Not specifying the robustness level could result in unexpected behavior. @ blob:https://www.primevideo.com/836b6a35-3470-468c-8d58-e5a4d1f7c822:1
[  163222ms] [WARNING] It is recommended that a robustness level be specified. Not specifying the robustness level could result in unexpected behavior. @ blob:https://www.primevideo.com/836b6a35-3470-468c-8d58-e5a4d1f7c822:1
[  163266ms] [WARNING] It is recommended that a robustness level be specified. Not specifying the robustness level could result in unexpected behavior. @ blob:https://www.primevideo.com/c5687735-20fe-44d9-ad12-1dc47faea443:1
[  163267ms] [WARNING] It is recommended that a robustness level be specified. Not specifying the robustness level could result in unexpected behavior. @ blob:https://www.primevideo.com/c5687735-20fe-44d9-ad12-1dc47faea443:1
[  163267ms] [WARNING] It is recommended that a robustness level be specified. Not specifying the robustness level could result in unexpected behavior. @ blob:https://www.primevideo.com/c5687735-20fe-44d9-ad12-1dc47faea443:1
[  168231ms] [WARNING] It is recommended that a robustness level be specified. Not specifying the robustness level could result in unexpected behavior. @ blob:https://www.primevideo.com/836b6a35-3470-468c-8d58-e5a4d1f7c822:1
[  168231ms] [WARNING] It is recommended that a robustness level be specified. Not specifying the robustness level could result in unexpected behavior. @ blob:https://www.primevideo.com/836b6a35-3470-468c-8d58-e5a4d1f7c822:1
[  168232ms] [WARNING] It is recommended that a robustness level be specified. Not specifying the robustness level could result in unexpected behavior. @ blob:https://www.primevideo.com/836b6a35-3470-468c-8d58-e5a4d1f7c822:1
[  168279ms] [WARNING] It is recommended that a robustness level be specified. Not specifying the robustness level could result in unexpected behavior. @ blob:https://www.primevideo.com/c5687735-20fe-44d9-ad12-1dc47faea443:1
[  168279ms] [WARNING] It is recommended that a robustness level be specified. Not specifying the robustness level could result in unexpected behavior. @ blob:https://www.primevideo.com/c5687735-20fe-44d9-ad12-1dc47faea443:1
[  168279ms] [WARNING] It is recommended that a robustness level be specified. Not specifying the robustness level could result in unexpected behavior. @ blob:https://www.primevideo.com/c5687735-20fe-44d9-ad12-1dc47faea443:1
[  173245ms] [WARNING] It is recommended that a robustness level be specified. Not specifying the robustness level could result in unexpected behavior. @ blob:https://www.primevideo.com/836b6a35-3470-468c-8d58-e5a4d1f7c822:1
[  173245ms] [WARNING] It is recommended that a robustness level be specified. Not specifying the robustness level could result in unexpected behavior. @ blob:https://www.primevideo.com/836b6a35-3470-468c-8d58-e5a4d1f7c822:1
[  173245ms] [WARNING] It is recommended that a robustness level be specified. Not specifying the robustness level could result in unexpected behavior. @ blob:https://www.primevideo.com/836b6a35-3470-468c-8d58-e5a4d1f7c822:1
[  173285ms] [WARNING] It is recommended that a robustness level be specified. Not specifying the robustness level could result in unexpected behavior. @ blob:https://www.primevideo.com/c5687735-20fe-44d9-ad12-1dc47faea443:1
[  173286ms] [WARNING] It is recommended that a robustness level be specified. Not specifying the robustness level could result in unexpected behavior. @ blob:https://www.primevideo.com/c5687735-20fe-44d9-ad12-1dc47faea443:1
[  173286ms] [WARNING] It is recommended that a robustness level be specified. Not specifying the robustness level could result in unexpected behavior. @ blob:https://www.primevideo.com/c5687735-20fe-44d9-ad12-1dc47faea443:1
[  178255ms] [WARNING] It is recommended that a robustness level be specified. Not specifying the robustness level could result in unexpected behavior. @ blob:https://www.primevideo.com/836b6a35-3470-468c-8d58-e5a4d1f7c822:1
[  178256ms] [WARNING] It is recommended that a robustness level be specified. Not specifying the robustness level could result in unexpected behavior. @ blob:https://www.primevideo.com/836b6a35-3470-468c-8d58-e5a4d1f7c822:1
[  178257ms] [WARNING] It is recommended that a robustness level be specified. Not specifying the robustness level could result in unexpected behavior. @ blob:https://www.primevideo.com/836b6a35-3470-468c-8d58-e5a4d1f7c822:1
[  178303ms] [WARNING] It is recommended that a robustness level be specified. Not specifying the robustness level could result in unexpected behavior. @ blob:https://www.primevideo.com/c5687735-20fe-44d9-ad12-1dc47faea443:1
[  178303ms] [WARNING] It is recommended that a robustness level be specified. Not specifying the robustness level could result in unexpected behavior. @ blob:https://www.primevideo.com/c5687735-20fe-44d9-ad12-1dc47faea443:1
[  178303ms] [WARNING] It is recommended that a robustness level be specified. Not specifying the robustness level could result in unexpected behavior. @ blob:https://www.primevideo.com/c5687735-20fe-44d9-ad12-1dc47faea443:1
[  183267ms] [WARNING] It is recommended that a robustness level be specified. Not specifying the robustness level could result in unexpected behavior. @ blob:https://www.primevideo.com/836b6a35-3470-468c-8d58-e5a4d1f7c822:1
[  183268ms] [WARNING] It is recommended that a robustness level be specified. Not specifying the robustness level could result in unexpected behavior. @ blob:https://www.primevideo.com/836b6a35-3470-468c-8d58-e5a4d1f7c822:1
[  183268ms] [WARNING] It is recommended that a robustness level be specified. Not specifying the robustness level could result in unexpected behavior. @ blob:https://www.primevideo.com/836b6a35-3470-468c-8d58-e5a4d1f7c822:1
[  183317ms] [WARNING] It is recommended that a robustness level be specified. Not specifying the robustness level could result in unexpected behavior. @ blob:https://www.primevideo.com/c5687735-20fe-44d9-ad12-1dc47faea443:1
[  183318ms] [WARNING] It is recommended that a robustness level be specified. Not specifying the robustness level could result in unexpected behavior. @ blob:https://www.primevideo.com/c5687735-20fe-44d9-ad12-1dc47faea443:1
[  183318ms] [WARNING] It is recommended that a robustness level be specified. Not specifying the robustness level could result in unexpected behavior. @ blob:https://www.primevideo.com/c5687735-20fe-44d9-ad12-1dc47faea443:1
[  188282ms] [WARNING] It is recommended that a robustness level be specified. Not specifying the robustness level could result in unexpected behavior. @ blob:https://www.primevideo.com/836b6a35-3470-468c-8d58-e5a4d1f7c822:1
[  188282ms] [WARNING] It is recommended that a robustness level be specified. Not specifying the robustness level could result in unexpected behavior. @ blob:https://www.primevideo.com/836b6a35-3470-468c-8d58-e5a4d1f7c822:1
[  188282ms] [WARNING] It is recommended that a robustness level be specified. Not specifying the robustness level could result in unexpected behavior. @ blob:https://www.primevideo.com/836b6a35-3470-468c-8d58-e5a4d1f7c822:1
[  188327ms] [WARNING] It is recommended that a robustness level be specified. Not specifying the robustness level could result in unexpected behavior. @ blob:https://www.primevideo.com/c5687735-20fe-44d9-ad12-1dc47faea443:1
[  188327ms] [WARNING] It is recommended that a robustness level be specified. Not specifying the robustness level could result in unexpected behavior. @ blob:https://www.primevideo.com/c5687735-20fe-44d9-ad12-1dc47faea443:1
[  188327ms] [WARNING] It is recommended that a robustness level be specified. Not specifying the robustness level could result in unexpected behavior. @ blob:https://www.primevideo.com/c5687735-20fe-44d9-ad12-1dc47faea443:1
[  193295ms] [WARNING] It is recommended that a robustness level be specified. Not specifying the robustness level could result in unexpected behavior. @ blob:https://www.primevideo.com/836b6a35-3470-468c-8d58-e5a4d1f7c822:1
[  193296ms] [WARNING] It is recommended that a robustness level be specified. Not specifying the robustness level could result in unexpected behavior. @ blob:https://www.primevideo.com/836b6a35-3470-468c-8d58-e5a4d1f7c822:1
[  193296ms] [WARNING] It is recommended that a robustness level be specified. Not specifying the robustness level could result in unexpected behavior. @ blob:https://www.primevideo.com/836b6a35-3470-468c-8d58-e5a4d1f7c822:1
[  193332ms] [WARNING] It is recommended that a robustness level be specified. Not specifying the robustness level could result in unexpected behavior. @ blob:https://www.primevideo.com/c5687735-20fe-44d9-ad12-1dc47faea443:1
[  193332ms] [WARNING] It is recommended that a robustness level be specified. Not specifying the robustness level could result in unexpected behavior. @ blob:https://www.primevideo.com/c5687735-20fe-44d9-ad12-1dc47faea443:1
[  193332ms] [WARNING] It is recommended that a robustness level be specified. Not specifying the robustness level could result in unexpected behavior. @ blob:https://www.primevideo.com/c5687735-20fe-44d9-ad12-1dc47faea443:1
[  198307ms] [WARNING] It is recommended that a robustness level be specified. Not specifying the robustness level could result in unexpected behavior. @ blob:https://www.primevideo.com/836b6a35-3470-468c-8d58-e5a4d1f7c822:1
[  198307ms] [WARNING] It is recommended that a robustness level be specified. Not specifying the robustness level could result in unexpected behavior. @ blob:https://www.primevideo.com/836b6a35-3470-468c-8d58-e5a4d1f7c822:1
[  198307ms] [WARNING] It is recommended that a robustness level be specified. Not specifying the robustness level could result in unexpected behavior. @ blob:https://www.primevideo.com/836b6a35-3470-468c-8d58-e5a4d1f7c822:1
[  198337ms] [WARNING] It is recommended that a robustness level be specified. Not specifying the robustness level could result in unexpected behavior. @ blob:https://www.primevideo.com/c5687735-20fe-44d9-ad12-1dc47faea443:1
[  198338ms] [WARNING] It is recommended that a robustness level be specified. Not specifying the robustness level could result in unexpected behavior. @ blob:https://www.primevideo.com/c5687735-20fe-44d9-ad12-1dc47faea443:1
[  198338ms] [WARNING] It is recommended that a robustness level be specified. Not specifying the robustness level could result in unexpected behavior. @ blob:https://www.primevideo.com/c5687735-20fe-44d9-ad12-1dc47faea443:1
[  203311ms] [WARNING] It is recommended that a robustness level be specified. Not specifying the robustness level could result in unexpected behavior. @ blob:https://www.primevideo.com/836b6a35-3470-468c-8d58-e5a4d1f7c822:1
[  203312ms] [WARNING] It is recommended that a robustness level be specified. Not specifying the robustness level could result in unexpected behavior. @ blob:https://www.primevideo.com/836b6a35-3470-468c-8d58-e5a4d1f7c822:1
[  203312ms] [WARNING] It is recommended that a robustness level be specified. Not specifying the robustness level could result in unexpected behavior. @ blob:https://www.primevideo.com/836b6a35-3470-468c-8d58-e5a4d1f7c822:1
[  203342ms] [WARNING] It is recommended that a robustness level be specified. Not specifying the robustness level could result in unexpected behavior. @ blob:https://www.primevideo.com/c5687735-20fe-44d9-ad12-1dc47faea443:1
[  203342ms] [WARNING] It is recommended that a robustness level be specified. Not specifying the robustness level could result in unexpected behavior. @ blob:https://www.primevideo.com/c5687735-20fe-44d9-ad12-1dc47faea443:1
[  203342ms] [WARNING] It is recommended that a robustness level be specified. Not specifying the robustness level could result in unexpected behavior. @ blob:https://www.primevideo.com/c5687735-20fe-44d9-ad12-1dc47faea443:1
[  208314ms] [WARNING] It is recommended that a robustness level be specified. Not specifying the robustness level could result in unexpected behavior. @ blob:https://www.primevideo.com/836b6a35-3470-468c-8d58-e5a4d1f7c822:1
[  208315ms] [WARNING] It is recommended that a robustness level be specified. Not specifying the robustness level could result in unexpected behavior. @ blob:https://www.primevideo.com/836b6a35-3470-468c-8d58-e5a4d1f7c822:1
[  208315ms] [WARNING] It is recommended that a robustness level be specified. Not specifying the robustness level could result in unexpected behavior. @ blob:https://www.primevideo.com/836b6a35-3470-468c-8d58-e5a4d1f7c822:1
[  208345ms] [WARNING] It is recommended that a robustness level be specified. Not specifying the robustness level could result in unexpected behavior. @ blob:https://www.primevideo.com/c5687735-20fe-44d9-ad12-1dc47faea443:1
[  208345ms] [WARNING] It is recommended that a robustness level be specified. Not specifying the robustness level could result in unexpected behavior. @ blob:https://www.primevideo.com/c5687735-20fe-44d9-ad12-1dc47faea443:1
[  208345ms] [WARNING] It is recommended that a robustness level be specified. Not specifying the robustness level could result in unexpected behavior. @ blob:https://www.primevideo.com/c5687735-20fe-44d9-ad12-1dc47faea443:1
[  213325ms] [WARNING] It is recommended that a robustness level be specified. Not specifying the robustness level could result in unexpected behavior. @ blob:https://www.primevideo.com/836b6a35-3470-468c-8d58-e5a4d1f7c822:1
[  213325ms] [WARNING] It is recommended that a robustness level be specified. Not specifying the robustness level could result in unexpected behavior. @ blob:https://www.primevideo.com/836b6a35-3470-468c-8d58-e5a4d1f7c822:1
[  213325ms] [WARNING] It is recommended that a robustness level be specified. Not specifying the robustness level could result in unexpected behavior. @ blob:https://www.primevideo.com/836b6a35-3470-468c-8d58-e5a4d1f7c822:1
[  213355ms] [WARNING] It is recommended that a robustness level be specified. Not specifying the robustness level could result in unexpected behavior. @ blob:https://www.primevideo.com/c5687735-20fe-44d9-ad12-1dc47faea443:1
[  213355ms] [WARNING] It is recommended that a robustness level be specified. Not specifying the robustness level could result in unexpected behavior. @ blob:https://www.primevideo.com/c5687735-20fe-44d9-ad12-1dc47faea443:1
[  213355ms] [WARNING] It is recommended that a robustness level be specified. Not specifying the robustness level could result in unexpected behavior. @ blob:https://www.primevideo.com/c5687735-20fe-44d9-ad12-1dc47faea443:1
[  218337ms] [WARNING] It is recommended that a robustness level be specified. Not specifying the robustness level could result in unexpected behavior. @ blob:https://www.primevideo.com/836b6a35-3470-468c-8d58-e5a4d1f7c822:1
[  218337ms] [WARNING] It is recommended that a robustness level be specified. Not specifying the robustness level could result in unexpected behavior. @ blob:https://www.primevideo.com/836b6a35-3470-468c-8d58-e5a4d1f7c822:1
[  218337ms] [WARNING] It is recommended that a robustness level be specified. Not specifying the robustness level could result in unexpected behavior. @ blob:https://www.primevideo.com/836b6a35-3470-468c-8d58-e5a4d1f7c822:1
[  218368ms] [WARNING] It is recommended that a robustness level be specified. Not specifying the robustness level could result in unexpected behavior. @ blob:https://www.primevideo.com/c5687735-20fe-44d9-ad12-1dc47faea443:1
[  218368ms] [WARNING] It is recommended that a robustness level be specified. Not specifying the robustness level could result in unexpected behavior. @ blob:https://www.primevideo.com/c5687735-20fe-44d9-ad12-1dc47faea443:1
[  218368ms] [WARNING] It is recommended that a robustness level be specified. Not specifying the robustness level could result in unexpected behavior. @ blob:https://www.primevideo.com/c5687735-20fe-44d9-ad12-1dc47faea443:1
[  223635ms] [WARNING] It is recommended that a robustness level be specified. Not specifying the robustness level could result in unexpected behavior. @ blob:https://www.primevideo.com/836b6a35-3470-468c-8d58-e5a4d1f7c822:1
[  223635ms] [WARNING] It is recommended that a robustness level be specified. Not specifying the robustness level could result in unexpected behavior. @ blob:https://www.primevideo.com/836b6a35-3470-468c-8d58-e5a4d1f7c822:1
[  223636ms] [WARNING] It is recommended that a robustness level be specified. Not specifying the robustness level could result in unexpected behavior. @ blob:https://www.primevideo.com/836b6a35-3470-468c-8d58-e5a4d1f7c822:1
[  223636ms] [WARNING] It is recommended that a robustness level be specified. Not specifying the robustness level could result in unexpected behavior. @ blob:https://www.primevideo.com/c5687735-20fe-44d9-ad12-1dc47faea443:1
[  223636ms] [WARNING] It is recommended that a robustness level be specified. Not specifying the robustness level could result in unexpected behavior. @ blob:https://www.primevideo.com/c5687735-20fe-44d9-ad12-1dc47faea443:1
[  223636ms] [WARNING] It is recommended that a robustness level be specified. Not specifying the robustness level could result in unexpected behavior. @ blob:https://www.primevideo.com/c5687735-20fe-44d9-ad12-1dc47faea443:1
[  228642ms] [WARNING] It is recommended that a robustness level be specified. Not specifying the robustness level could result in unexpected behavior. @ blob:https://www.primevideo.com/836b6a35-3470-468c-8d58-e5a4d1f7c822:1
[  228642ms] [WARNING] It is recommended that a robustness level be specified. Not specifying the robustness level could result in unexpected behavior. @ blob:https://www.primevideo.com/836b6a35-3470-468c-8d58-e5a4d1f7c822:1
[  228643ms] [WARNING] It is recommended that a robustness level be specified. Not specifying the robustness level could result in unexpected behavior. @ blob:https://www.primevideo.com/836b6a35-3470-468c-8d58-e5a4d1f7c822:1
[  228643ms] [WARNING] It is recommended that a robustness level be specified. Not specifying the robustness level could result in unexpected behavior. @ blob:https://www.primevideo.com/c5687735-20fe-44d9-ad12-1dc47faea443:1
[  228643ms] [WARNING] It is recommended that a robustness level be specified. Not specifying the robustness level could result in unexpected behavior. @ blob:https://www.primevideo.com/c5687735-20fe-44d9-ad12-1dc47faea443:1
[  228644ms] [WARNING] It is recommended that a robustness level be specified. Not specifying the robustness level could result in unexpected behavior. @ blob:https://www.primevideo.com/c5687735-20fe-44d9-ad12-1dc47faea443:1
[  233655ms] [WARNING] It is recommended that a robustness level be specified. Not specifying the robustness level could result in unexpected behavior. @ blob:https://www.primevideo.com/836b6a35-3470-468c-8d58-e5a4d1f7c822:1
[  233655ms] [WARNING] It is recommended that a robustness level be specified. Not specifying the robustness level could result in unexpected behavior. @ blob:https://www.primevideo.com/836b6a35-3470-468c-8d58-e5a4d1f7c822:1
[  233655ms] [WARNING] It is recommended that a robustness level be specified. Not specifying the robustness level could result in unexpected behavior. @ blob:https://www.primevideo.com/836b6a35-3470-468c-8d58-e5a4d1f7c822:1
[  233655ms] [WARNING] It is recommended that a robustness level be specified. Not specifying the robustness level could result in unexpected behavior. @ blob:https://www.primevideo.com/c5687735-20fe-44d9-ad12-1dc47faea443:1
[  233655ms] [WARNING] It is recommended that a robustness level be specified. Not specifying the robustness level could result in unexpected behavior. @ blob:https://www.primevideo.com/c5687735-20fe-44d9-ad12-1dc47faea443:1
[  233655ms] [WARNING] It is recommended that a robustness level be specified. Not specifying the robustness level could result in unexpected behavior. @ blob:https://www.primevideo.com/c5687735-20fe-44d9-ad12-1dc47faea443:1
